Archive member included to satisfy reference by file (symbol)

tests/programmer/built-in.a(usb_dev_desc.o)
                              (--whole-archive)
tests/programmer/built-in.a(libusbdev_47fe26195bc.o)
                              (--whole-archive)
tests/programmer/built-in.a(usb_audio.o)
                              (--whole-archive)
tests/programmer/built-in.a(usb_audio_sync.o)
                              (--whole-archive)
tests/programmer/built-in.a(usb_cdc.o)
                              (--whole-archive)
tests/programmer/built-in.a(analog_best1306p.o)
                              (--whole-archive)
tests/programmer/built-in.a(charger_best1306p.o)
                              (--whole-archive)
tests/programmer/built-in.a(pmu_best1306p.o)
                              (--whole-archive)
tests/programmer/built-in.a(rf_xtal_best1306p.o)
                              (--whole-archive)
tests/programmer/built-in.a(norflash_gd25q32c.o)
                              (--whole-archive)
tests/programmer/built-in.a(norflash_gd25lq32c.o)
                              (--whole-archive)
tests/programmer/built-in.a(norflash_en25s80b.o)
                              (--whole-archive)
tests/programmer/built-in.a(norflash_drv.o)
                              (--whole-archive)
tests/programmer/built-in.a(crc_c.o)
                              (--whole-archive)
tests/programmer/built-in.a(hwtimer_list.o)
                              (--whole-archive)
tests/programmer/built-in.a(hexdump.o)
                              (--whole-archive)
tests/programmer/built-in.a(task_run.o)
                              (--whole-archive)
tests/programmer/built-in.a(task_schedule.o)
                              (--whole-archive)
tests/programmer/built-in.a(sys_api_programmer.o)
                              (--whole-archive)
tests/programmer/built-in.a(flash_programmer.o)
                              (--whole-archive)
tests/programmer/built-in.a(libprogrammer_usb_47fe26195bc.o)
                              (--whole-archive)
platform/cmsis/built-in.a(cmsis_nvic.o)
                              (--whole-archive)
platform/cmsis/built-in.a(dwt.o)
                              (--whole-archive)
platform/cmsis/built-in.a(mpu_armv7m.o)
                              (--whole-archive)
platform/cmsis/built-in.a(mpu_armv8m.o)
                              (--whole-archive)
platform/cmsis/built-in.a(mpu_cfg.o)
                              (--whole-archive)
platform/cmsis/built-in.a(patch.o)
                              (--whole-archive)
platform/cmsis/built-in.a(patch_armv7m.o)
                              (--whole-archive)
platform/cmsis/built-in.a(reloc_run.o)
                              (--whole-archive)
platform/cmsis/built-in.a(stack_protector.o)
                              (--whole-archive)
platform/cmsis/built-in.a(system_ARMCM.o)
                              (--whole-archive)
platform/cmsis/built-in.a(system_cp.o)
                              (--whole-archive)
platform/cmsis/built-in.a(system_subsys.o)
                              (--whole-archive)
platform/cmsis/built-in.a(system_utils.o)
                              (--whole-archive)
platform/cmsis/built-in.a(retarget_armclang.o)
                              (--whole-archive)
platform/cmsis/built-in.a(retarget_gcc.o)
                              (--whole-archive)
platform/cmsis/built-in.a(retarget_armclang_asm.o)
                              (--whole-archive)
platform/hal/built-in.a(hal_sec_best1306p.o)
                              (--whole-archive)
platform/hal/built-in.a(hal_psc_best1306p.o)
                              (--whole-archive)
platform/hal/built-in.a(hal_ipc_notify_api.o)
                              (--whole-archive)
platform/hal/built-in.a(hal_iomux_best1306p.o)
                              (--whole-archive)
platform/hal/built-in.a(hal_codec_best1306p.o)
                              (--whole-archive)
platform/hal/built-in.a(hal_cmu_best1306p.o)
                              (--whole-archive)
platform/hal/built-in.a(hal_analogif_best1306p.o)
                              (--whole-archive)
platform/hal/built-in.a(hal_bootmode.o)
                              (--whole-archive)
platform/hal/built-in.a(hal_btdump.o)
                              (--whole-archive)
platform/hal/built-in.a(hal_btpcm.o)
                              (--whole-archive)
platform/hal/built-in.a(hal_cache.o)
                              (--whole-archive)
platform/hal/built-in.a(hal_cache_arm.o)
                              (--whole-archive)
platform/hal/built-in.a(hal_chipid.o)
                              (--whole-archive)
platform/hal/built-in.a(hal_cmd.o)
                              (--whole-archive)
platform/hal/built-in.a(hal_cmu_common.o)
                              (--whole-archive)
platform/hal/built-in.a(hal_codec_common.o)
                              (--whole-archive)
platform/hal/built-in.a(hal_cpudump.o)
                              (--whole-archive)
[...]
Memory Configuration

Name             Origin             Length             Attributes
ROM              0x0000000022000000 0x0000000000010000 xr
FLASH            0x000000002c000000 0x0000000000400000 r
FLASH_NC         0x0000000028000000 0x0000000000400000 r
FLASHX           0x000000000c000000 0x0000000000400000 xr
RAM              0x0000000024040000 0x0000000000080000 xrw
RAMX             0x0000000004240000 0x0000000000080000 xr
*default*        0x0000000000000000 0xffffffffffffffff

Linker script and memory map

LOAD tests/programmer/built-in.a
LOAD platform/cmsis/built-in.a
LOAD platform/hal/built-in.a
LOAD tests/programmer_inflash/built-in.a
LOAD utils/lzma/built-in.a
LOAD utils/heap/built-in.a
LOAD tests/programmer_ext/ota_copy/built-in.a
LOAD utils/libc/built-in.a
LOAD config/built-in.a
LOAD utils/boot_struct/built-in.a
LOAD build_info.o
START GROUP
LOAD /home/derek/toolchains/gcc-arm-none-eabi-10.3-2021.10/bin/../lib/gcc/arm-none-eabi/10.3.1/thumb/v8-m.main+fp/hard/libgcc.a
LOAD /home/derek/toolchains/gcc-arm-none-eabi-10.3-2021.10/bin/../lib/gcc/arm-none-eabi/10.3.1/../../../../arm-none-eabi/lib/thumb/v8-m.main+fp/hard/libc.a
END GROUP
                0x000000002200ff58                __export_fn_rom = (((ORIGIN (ROM) + LENGTH (ROM)) - 0x28) - 0x80)

.boot_struct    0x000000002c000000       0x10
                0x000000002c000000                __flash_start = .
 *(.boot_struct)
 .boot_struct   0x000000002c000000       0x10 utils/boot_struct/built-in.a(boot_struct.o)
                0x000000002c000000                boot_struct
                0x000000002c000010                . = ALIGN (0x4)
                0x000000000c000010                . = ((. - 0x2c000000) + 0xc000000)

.boot_text_flash
                0x000000000c000010     0x2c38 load address 0x000000002c000010
 *(.boot_loader)
 .boot_loader   0x000000000c000010       0x6c tests/programmer_inflash/built-in.a(startup_main.o)
                0x000000000c000010                Boot_Loader
                0x000000000c001000                . = ALIGN (0x1000)
 *fill*         0x000000000c00007c      0xf84 
 *(.ota_boot_info)
 .ota_boot_info
                0x000000000c001000       0x20 tests/programmer_ext/ota_copy/built-in.a(ota_copy.o)
                0x000000000c001000                otaBootInfoInFlash
                0x000000000c002000                . = ALIGN (0x1000)
 *fill*         0x000000000c001020      0xfe0 
 *(.ota_boot_rev)
                0x000000000c002000                . = ALIGN (0x1000)
 *(.boot_text_flash*)
 .boot_text_flash.1130.0
                0x000000000c002000       0x1c tests/programmer/built-in.a(pmu_best1306p.o)
                0x000000000c002000                read_hw_metal_id
 .boot_text_flash.1210.2
                0x000000000c00201c      0x274 tests/programmer/built-in.a(pmu_best1306p.o)
                0x000000000c00201c                pmu_boot_init
 .boot_text_flash.80.1
                0x000000000c002290        0xc platform/cmsis/built-in.a(cmsis_nvic.o)
                0x000000000c002290                DebugMon_Handler
                0x000000000c002290                HardFault_Handler
                0x000000000c002290                SysTick_Handler
                0x000000000c002290                PendSV_Handler
                0x000000000c002290                NMI_Handler
                0x000000000c002290                UsageFault_Handler
                0x000000000c002290                Reset_Handler
                0x000000000c002290                SecureFault_Handler
                0x000000000c002290                MemManage_Handler
                0x000000000c002290                SVC_Handler
                0x000000000c002290                BusFault_Handler
 .boot_text_flash.70.0
                0x000000000c00229c       0x34 platform/cmsis/built-in.a(cmsis_nvic.o)
                0x000000000c00229c                NVIC_DisableAllIRQs
 .boot_text_flash.125.3
                0x000000000c0022d0       0x48 platform/cmsis/built-in.a(cmsis_nvic.o)
                0x000000000c0022d0                NVIC_InitVectors
 .boot_text_flash.22.0
                0x000000000c002318       0x50 platform/cmsis/built-in.a(system_ARMCM.o)
                0x000000000c002318                SystemInit
 .boot_text_flash.133.0
                0x000000000c002368       0x64 platform/cmsis/built-in.a(system_utils.o)
                0x000000000c002368                boot_init_boot_sections
 .boot_text_flash.468.0
                0x000000000c0023cc       0x10 platform/hal/built-in.a(hal_cmu_best1306p.o)
                0x000000000c0023cc                hal_cmu_global_reset
 .boot_text_flash.638.2
                0x000000000c0023dc       0x3c platform/hal/built-in.a(hal_cmu_best1306p.o)
                0x000000000c0023dc                hal_cmu_timer0_select_slow
 .boot_text_flash.653.3
                0x000000000c002418       0x3c platform/hal/built-in.a(hal_cmu_best1306p.o)
                0x000000000c002418                hal_cmu_timer1_select_fast
 .boot_text_flash.689.5
                0x000000000c002454       0x3c platform/hal/built-in.a(hal_cmu_best1306p.o)
                0x000000000c002454                hal_cmu_timer2_select_fast
 .boot_text_flash.1102.7
                0x000000000c002490       0x18 platform/hal/built-in.a(hal_cmu_best1306p.o)
                0x000000000c002490                hal_cmu_flash_select_pll
 .boot_text_flash.1112.8
                0x000000000c0024a8       0x14 platform/hal/built-in.a(hal_cmu_best1306p.o)
                0x000000000c0024a8                hal_cmu_flash1_select_pll
 .boot_text_flash.1239.11
                0x000000000c0024bc      0x100 platform/hal/built-in.a(hal_cmu_best1306p.o)
                0x000000000c0024bc                hal_cmu_pll_enable
 .boot_text_flash.1343.12
                0x000000000c0025bc       0x94 platform/hal/built-in.a(hal_cmu_best1306p.o)
                0x000000000c0025bc                hal_cmu_pll_disable
 .boot_text_flash.2515.15
                0x000000000c002650       0x1c platform/hal/built-in.a(hal_cmu_best1306p.o)
                0x000000000c002650                hal_cmu_osc_x2_enable
 .boot_text_flash.2522.16
                0x000000000c00266c        0x4 platform/hal/built-in.a(hal_cmu_best1306p.o)
                0x000000000c00266c                hal_cmu_osc_x4_enable
 .boot_text_flash.2594.17
                0x000000000c002670       0x10 platform/hal/built-in.a(hal_cmu_best1306p.o)
                0x000000000c002670                boot_loader_entry_hook
                0x000000000c002670                hal_cmu_xreset_set
 .boot_text_flash.2850.19
                0x000000000c002680       0x18 platform/hal/built-in.a(hal_cmu_best1306p.o)
                0x000000000c002680                save_hw_metal_id
                0x000000000c002680                hal_cmu_save_subsys_metal_id
 .boot_text_flash.4120.21
                0x000000000c002698        0xc platform/hal/built-in.a(hal_cmu_best1306p.o)
                0x000000000c002698                hal_cmu_get_aon_revision_id
 .boot_text_flash.4397.24
                0x000000000c0026a4       0x10 platform/hal/built-in.a(hal_cmu_best1306p.o)
                0x000000000c0026a4                hal_cmu_ispi_access_init
 .boot_text_flash.238.0
                0x000000000c0026b4       0x78 platform/hal/built-in.a(hal_analogif_best1306p.o)
                0x000000000c0026b4                hal_analogif_open
 .boot_text_flash.264.0
                0x000000000c00272c       0x30 platform/hal/built-in.a(hal_cache.o)
                0x000000000c00272c                hal_cache_enable
 .boot_text_flash.319.1
                0x000000000c00275c        0x4 platform/hal/built-in.a(hal_cache.o)
                0x000000000c00275c                hal_cache_writebuffer_enable
 .boot_text_flash.35.2
                0x000000000c002760       0x18 platform/hal/built-in.a(hal_chipid.o)
                0x000000000c002760                hal_chipid_init
 .boot_text_flash.178.2
                0x000000000c002778       0x14 platform/hal/built-in.a(hal_cmu_common.o)
                0x000000000c002778                hal_cmu_flash_all_select_pll
 .boot_text_flash.2359.1
                0x000000000c00278c       0x54 platform/hal/built-in.a(hal_norflash.o)
                0x000000000c00278c                hal_norflash_boot_config_remap
 .boot_text_flash.2391.2
                0x000000000c0027e0        0xc platform/hal/built-in.a(hal_norflash.o)
                0x000000000c0027e0                hal_norflash_boot_enable_remap
 .boot_text_flash.706.2
                0x000000000c0027ec       0x84 platform/hal/built-in.a(hal_norflaship_v2.o)
                0x000000000c0027ec                norflaship_boot_config_remap_section
 .boot_text_flash.729.3
                0x000000000c002870       0x20 platform/hal/built-in.a(hal_norflaship_v2.o)
                0x000000000c002870                norflaship_boot_enable_remap
 .boot_text_flash.1535.0
                0x000000000c002890       0x20 platform/hal/built-in.a(hal_spi.o)
                0x000000000c002890                hal_ispi_open
 .boot_text_flash.203.0
                0x000000000c0028b0       0x24 platform/hal/built-in.a(hal_timer.o)
                0x000000000c0028b0                hal_sys_timer_open
 .boot_text_flash.76.3
                0x000000000c0028d4       0x44 tests/programmer_inflash/built-in.a(programmer_inflash_main.o)
                0x000000000c0028d4                ProgrammerInflashBootInit
                0x000000000c0028d4                boot_loader_pre_init_hook
 .boot_text_flash.95.4
                0x000000000c002918        0xc tests/programmer_inflash/built-in.a(programmer_inflash_main.o)
                0x000000000c002918                programmer_inflash_main
                0x000000000c002918                _start
 .boot_text_flash.154.7
                0x000000000c002924       0x74 tests/programmer_ext/ota_copy/built-in.a(ota_copy.o)
                0x000000000c002924                remap_b_image
 .boot_text_flash.189.8
                0x000000000c002998       0xb4 tests/programmer_ext/ota_copy/built-in.a(ota_copy.o)
                0x000000000c002998                remap_tz_image
 .boot_text_flash.230.9
                0x000000000c002a4c       0x60 tests/programmer_ext/ota_copy/built-in.a(ota_copy.o)
                0x000000000c002a4c                ProgrammerInflashCheckBootToApp
 .boot_text_flash.83.0
                0x000000000c002aac        0x4 config/built-in.a(tgt_hardware.o)
                0x000000000c002aac                is_ota_remap_enabled
 *(.boot_rodata_flash*)
 .boot_rodata_flash.102.2
                0x000000000c002ab0       0x40 platform/cmsis/built-in.a(cmsis_nvic.o)
 .boot_rodata_flash.92.0
                0x000000000c002af0        0x8 platform/hal/built-in.a(hal_norflaship_v2.o)
 *:main.o(.text* .rodata*)
 *:hal_bootmode.o(.text* .rodata*)
 .text.hal_hw_bootmode_get
                0x000000000c002af8        0xc platform/hal/built-in.a(hal_bootmode.o)
                0x000000000c002af8                hal_hw_bootmode_get
 .text.hal_sw_bootmode_get
                0x000000000c002b04       0x10 platform/hal/built-in.a(hal_bootmode.o)
                0x000000000c002b04                hal_sw_bootmode_get
 .text.hal_sw_bootmode_set
                0x000000000c002b14       0x40 platform/hal/built-in.a(hal_bootmode.o)
                0x000000000c002b14                hal_sw_bootmode_set
 .text.hal_sw_bootmode_clear
                0x000000000c002b54       0x40 platform/hal/built-in.a(hal_bootmode.o)
                0x000000000c002b54                hal_sw_bootmode_clear
 *fill*         0x000000000c002b94        0x4 
 .text.hal_sw_bootmode_clear.__stub
                0x000000000c002b98       0xb0 linker stubs
                0x000000000c002c48                . = ALIGN (0x4)
                0x000000002c002c48                . = ((. - 0xc000000) + 0x2c000000)

.got_info       0x000000002c002c48        0x0
                0x000000002c002c48                __got_info_start = .
                0x000000002c002c48                __got_plt_start = .
 *(.got.plt)
                0x000000002c002c48                __got_plt_end = .
                0x000000002c002c48                __got_start = .
 *(.got)
                0x000000002c002c48                __got_end = .
                0x000000002c002c48                . = ALIGN (0x4)

.vector_table   0x0000000024040000      0x17c
                0x0000000024040000                __vector_table_start = .
 *(.vector_table)
 .vector_table  0x0000000024040000      0x178 platform/cmsis/built-in.a(cmsis_nvic.o)
                0x000000000000017c                . = 0x17c
 *fill*         0x0000000024040178        0x4 
                0x000000002404017c                . = ALIGN (0x4)

.reboot_param   0x000000002404017c       0x40
 *(.reboot_param)
 .reboot_param  0x000000002404017c       0x10 utils/boot_struct/built-in.a(boot_struct.o)
                0x000000002404017c                reboot_param
                0x0000000000000040                . = 0x40
 *fill*         0x000000002404018c       0x30 
                0x00000000240401bc                . = ALIGN (0x4)

.burn_buffer    0x00000000240401bc    0x20040
 *(.burn_buffer)
 .burn_buffer   0x00000000240401bc    0x20040 tests/programmer/built-in.a(flash_programmer.o)
                0x00000000240601fc                . = ALIGN (0x4)
                0x000000002c002c48                __boot_sram_start_flash__ = (LOADADDR (.got_info) + SIZEOF (.got_info))
                0x00000000240601fc                __boot_sram_start__ = .

.text           0x00000000042601fc     0xb944 load address 0x000000002c002c48
                0x00000000042601fc                __boot_text_sram_start__ = .
                0x00000000042601fc                _stext = __boot_text_sram_start__
 *(.text*)
 .text.default_direct_recv_callback
                0x00000000042601fc        0xc tests/programmer/built-in.a(usb_cdc.o)
 .text.usb_serial_stop_recv
                0x0000000004260208       0x68 tests/programmer/built-in.a(usb_cdc.o)
 .text.usb_serial_line_state_change.constprop.0
                0x0000000004260270       0xf0 tests/programmer/built-in.a(usb_cdc.o)
 .text.usb_serial_init_xfer
                0x0000000004260360       0x54 tests/programmer/built-in.a(usb_cdc.o)
                0x0000000004260360                usb_serial_init_xfer
 .text.usb_serial_flush_recv_buffer
                0x00000000042603b4       0x3c tests/programmer/built-in.a(usb_cdc.o)
                0x00000000042603b4                usb_serial_flush_recv_buffer
 .text.usb_serial_recv
                0x00000000042603f0      0x140 tests/programmer/built-in.a(usb_cdc.o)
                0x00000000042603f0                usb_serial_recv
 .text.usb_serial_direct_recv
                0x0000000004260530      0x1c8 tests/programmer/built-in.a(usb_cdc.o)
                0x0000000004260530                usb_serial_direct_recv
 .text.usb_serial_send
                0x00000000042606f8      0x17c tests/programmer/built-in.a(usb_cdc.o)
                0x00000000042606f8                usb_serial_send
 .text.usb_serial_send_break
                0x0000000004260874       0x10 tests/programmer/built-in.a(usb_cdc.o)
                0x0000000004260874                usb_serial_send_break
 .text.pmu_flash_write_config
                0x0000000004260884        0x4 tests/programmer/built-in.a(pmu_best1306p.o)
                0x0000000004260884                pmu_flash_write_config
 .text.pmu_flash_read_config
                0x0000000004260888        0x4 tests/programmer/built-in.a(pmu_best1306p.o)
                0x0000000004260888                pmu_flash_read_config
 .text.pmu_sys_freq_config
                0x000000000426088c        0x4 tests/programmer/built-in.a(pmu_best1306p.o)
                0x000000000426088c                pmu_sys_freq_config
 .text.pmu_led_uart_enable
                0x0000000004260890       0xdc tests/programmer/built-in.a(pmu_best1306p.o)
                0x0000000004260890                pmu_led_uart_enable
 .text.pmu_wdt_save_context
                0x000000000426096c       0x5c tests/programmer/built-in.a(pmu_best1306p.o)
                0x000000000426096c                pmu_wdt_save_context
 .text.pmu_wdt_config
                0x00000000042609c8       0x3c tests/programmer/built-in.a(pmu_best1306p.o)
                0x00000000042609c8                pmu_wdt_config
 .text.pmu_wdt_start
                0x0000000004260a04       0x64 tests/programmer/built-in.a(pmu_best1306p.o)
                0x0000000004260a04                pmu_wdt_start
 .text.pmu_wdt_feed
                0x0000000004260a68       0x30 tests/programmer/built-in.a(pmu_best1306p.o)
                0x0000000004260a68                pmu_wdt_feed
 .text.pmu_wdt_reboot
                0x0000000004260a98       0xc0 tests/programmer/built-in.a(pmu_best1306p.o)
                0x0000000004260a98                pmu_wdt_reboot
 .text.pmu_sys_ctrl
                0x0000000004260b58      0x178 tests/programmer/built-in.a(pmu_best1306p.o)
 .text.pmu_shutdown
                0x0000000004260cd0        0x8 tests/programmer/built-in.a(pmu_best1306p.o)
                0x0000000004260cd0                pmu_shutdown
 .text.pmu_reboot
                0x0000000004260cd8        0x8 tests/programmer/built-in.a(pmu_best1306p.o)
                0x0000000004260cd8                pmu_reboot
 .text.gd25q32c_write_status
                0x0000000004260ce0      0x164 tests/programmer/built-in.a(norflash_gd25q32c.o)
 .text.gd25lq32c_write_status
                0x0000000004260e44      0x158 tests/programmer/built-in.a(norflash_gd25lq32c.o)
 .text.norflash_set_read_div
                0x0000000004260f9c       0x2c tests/programmer/built-in.a(norflash_drv.o)
 .text.norflash_set_continuous_read.isra.0
                0x0000000004260fc8       0x84 tests/programmer/built-in.a(norflash_drv.o)
 .text.norflash_read_status_s0_s7
                0x000000000426104c       0x28 tests/programmer/built-in.a(norflash_drv.o)
                0x000000000426104c                norflash_read_status_s0_s7
 .text.norflash_read_status_s8_s15
                0x0000000004261074       0x28 tests/programmer/built-in.a(norflash_drv.o)
                0x0000000004261074                norflash_read_status_s8_s15
 .text.norflash_status_WIP_1_wait
                0x000000000426109c       0x34 tests/programmer/built-in.a(norflash_drv.o)
                0x000000000426109c                norflash_status_WIP_1_wait
 .text.norflash_get_supported_mode
                0x00000000042610d0       0x18 tests/programmer/built-in.a(norflash_drv.o)
                0x00000000042610d0                norflash_get_supported_mode
 .text.norflash_get_security_register_config
                0x00000000042610e8       0x18 tests/programmer/built-in.a(norflash_drv.o)
                0x00000000042610e8                norflash_get_security_register_config
 .text.norflash_get_block_protect_mask
                0x0000000004261100       0x18 tests/programmer/built-in.a(norflash_drv.o)
                0x0000000004261100                norflash_get_block_protect_mask
 .text.norflash_set_dual_chip_mode
                0x0000000004261118        0x4 tests/programmer/built-in.a(norflash_drv.o)
                0x0000000004261118                norflash_set_dual_chip_mode
 .text.norflash_reset
                0x000000000426111c       0xd8 tests/programmer/built-in.a(norflash_drv.o)
                0x000000000426111c                norflash_reset
 .text.norflash_get_total_size
                0x00000000042611f4       0x1c tests/programmer/built-in.a(norflash_drv.o)
                0x00000000042611f4                norflash_get_total_size
 .text.norflash_get_page_size
                0x0000000004261210        0xc tests/programmer/built-in.a(norflash_drv.o)
                0x0000000004261210                norflash_get_page_size
 .text.norflash_set_mode
                0x000000000426121c      0x1ac tests/programmer/built-in.a(norflash_drv.o)
                0x000000000426121c                norflash_set_mode
 .text.norflash_pre_operation_suspend
                0x00000000042613c8       0x40 tests/programmer/built-in.a(norflash_drv.o)
                0x00000000042613c8                norflash_pre_operation_suspend
 .text.norflash_pre_operation
                0x0000000004261408       0x40 tests/programmer/built-in.a(norflash_drv.o)
                0x0000000004261408                norflash_pre_operation
 .text.norflash_post_operation_suspend
                0x0000000004261448       0x50 tests/programmer/built-in.a(norflash_drv.o)
                0x0000000004261448                norflash_post_operation_suspend
 .text.norflash_post_operation
                0x0000000004261498        0x8 tests/programmer/built-in.a(norflash_drv.o)
                0x0000000004261498                norflash_post_operation
 .text.norflash_write_reg
                0x00000000042614a0       0x68 tests/programmer/built-in.a(norflash_drv.o)
                0x00000000042614a0                norflash_write_reg
 .text.norflash_get_id
                0x0000000004261508       0x88 tests/programmer/built-in.a(norflash_drv.o)
                0x0000000004261508                norflash_get_id
 .text.norflash_get_unique_id_cmd
                0x0000000004261590       0x54 tests/programmer/built-in.a(norflash_drv.o)
                0x0000000004261590                norflash_get_unique_id_cmd
 .text.norflash_get_unique_id
                0x00000000042615e4       0xa0 tests/programmer/built-in.a(norflash_drv.o)
                0x00000000042615e4                norflash_get_unique_id
 .text.norflash_enter_4byteaddr_mode
                0x0000000004261684       0x24 tests/programmer/built-in.a(norflash_drv.o)
                0x0000000004261684                norflash_enter_4byteaddr_mode
 .text.norflash_set_sample_delay_index
                0x00000000042616a8       0x48 tests/programmer/built-in.a(norflash_drv.o)
                0x00000000042616a8                norflash_set_sample_delay_index
 .text.norflash_sample_delay_calib
                0x00000000042616f0      0x1b0 tests/programmer/built-in.a(norflash_drv.o)
                0x00000000042616f0                norflash_sample_delay_calib
 .text.norflash_init_sample_delay_by_div
                0x00000000042618a0       0x48 tests/programmer/built-in.a(norflash_drv.o)
                0x00000000042618a0                norflash_init_sample_delay_by_div
 .text.norflash_init_div
                0x00000000042618e8      0x120 tests/programmer/built-in.a(norflash_drv.o)
                0x00000000042618e8                norflash_init_div
 .text.norflash_match_chip
                0x0000000004261a08       0x54 tests/programmer/built-in.a(norflash_drv.o)
                0x0000000004261a08                norflash_match_chip
 .text.norflash_erase
                0x0000000004261a5c      0x128 tests/programmer/built-in.a(norflash_drv.o)
                0x0000000004261a5c                norflash_erase
 .text.norflash_write
                0x0000000004261b84       0xa0 tests/programmer/built-in.a(norflash_drv.o)
                0x0000000004261b84                norflash_write
 .text.norflash_set_block_protection
                0x0000000004261c24       0x2c tests/programmer/built-in.a(norflash_drv.o)
                0x0000000004261c24                norflash_set_block_protection
 .text.crc32_c  0x0000000004261c50        0xc tests/programmer/built-in.a(crc_c.o)
                0x0000000004261c50                crc32_c
 .text.hwtimer_handler
                0x0000000004261c5c      0x168 tests/programmer/built-in.a(hwtimer_list.o)
 .text.__hwtimer_start_int.part.0
                0x0000000004261dc4       0xd4 tests/programmer/built-in.a(hwtimer_list.o)
 .text.hwtimer_init
                0x0000000004261e98       0x4c tests/programmer/built-in.a(hwtimer_list.o)
                0x0000000004261e98                hwtimer_init
 .text.hwtimer_start
                0x0000000004261ee4       0x2c tests/programmer/built-in.a(hwtimer_list.o)
                0x0000000004261ee4                hwtimer_start
 .text.hwtimer_stop
                0x0000000004261f10      0x170 tests/programmer/built-in.a(hwtimer_list.o)
                0x0000000004261f10                hwtimer_stop
 .text          0x0000000004262080       0x34 tests/programmer/built-in.a(task_run.o)
                0x0000000004262080                task_run
 .text.task_schedule
                0x00000000042620b4       0x60 tests/programmer/built-in.a(task_schedule.o)
 .text.task_setup
                0x0000000004262114       0x6c tests/programmer/built-in.a(task_schedule.o)
                0x0000000004262114                task_setup
 .text.task_yield
                0x0000000004262180       0x18 tests/programmer/built-in.a(task_schedule.o)
                0x0000000004262180                task_yield
 .text.uart_rx_dma_handler
                0x0000000004262198       0x64 tests/programmer/built-in.a(sys_api_programmer.o)
 .text.flash_task
                0x00000000042621fc       0x24 tests/programmer/built-in.a(sys_api_programmer.o)
 .text.uart_recv_data_dma
                0x0000000004262220      0x128 tests/programmer/built-in.a(sys_api_programmer.o)
 .text.init_download_context
                0x0000000004262348      0x1b0 tests/programmer/built-in.a(sys_api_programmer.o)
                0x0000000004262348                init_download_context
 .text.init_cust_cmd
                0x00000000042624f8       0x20 tests/programmer/built-in.a(sys_api_programmer.o)
                0x00000000042624f8                init_cust_cmd
 .text.handle_cust_cmd
                0x0000000004262518       0x28 tests/programmer/built-in.a(sys_api_programmer.o)
                0x0000000004262518                handle_cust_cmd
 .text.reset_transport
                0x0000000004262540       0x48 tests/programmer/built-in.a(sys_api_programmer.o)
                0x0000000004262540                reset_transport
 .text.set_recv_timeout
                0x0000000004262588        0xc tests/programmer/built-in.a(sys_api_programmer.o)
                0x0000000004262588                set_recv_timeout
 .text.get_pgm_timeout
                0x0000000004262594       0x20 tests/programmer/built-in.a(sys_api_programmer.o)
                0x0000000004262594                get_pgm_timeout
 .text.get_current_time
                0x00000000042625b4        0x4 tests/programmer/built-in.a(sys_api_programmer.o)
                0x00000000042625b4                get_current_time
 .text.debug_read_enabled
                0x00000000042625b8        0xc tests/programmer/built-in.a(sys_api_programmer.o)
                0x00000000042625b8                debug_read_enabled
 .text.debug_write_enabled
                0x00000000042625c4        0xc tests/programmer/built-in.a(sys_api_programmer.o)
                0x00000000042625c4                debug_write_enabled
 .text.send_data
                0x00000000042625d0       0xd8 tests/programmer/built-in.a(sys_api_programmer.o)
                0x00000000042625d0                send_data
 .text.recv_data_ex
                0x00000000042626a8       0xb0 tests/programmer/built-in.a(sys_api_programmer.o)
                0x00000000042626a8                recv_data_ex
 .text.handle_error
                0x0000000004262758       0xa8 tests/programmer/built-in.a(sys_api_programmer.o)
                0x0000000004262758                handle_error
 .text.cancel_input
                0x0000000004262800       0x20 tests/programmer/built-in.a(sys_api_programmer.o)
                0x0000000004262800                cancel_input
 .text.system_reboot
                0x0000000004262820       0x10 tests/programmer/built-in.a(sys_api_programmer.o)
                0x0000000004262820                system_reboot
 .text.system_shutdown
                0x0000000004262830       0x10 tests/programmer/built-in.a(sys_api_programmer.o)
                0x0000000004262830                system_shutdown
 .text.system_flash_boot
                0x0000000004262840       0x14 tests/programmer/built-in.a(sys_api_programmer.o)
                0x0000000004262840                system_flash_boot
 .text.system_set_bootmode
                0x0000000004262854        0x8 tests/programmer/built-in.a(sys_api_programmer.o)
                0x0000000004262854                system_set_bootmode
 .text.system_clear_bootmode
                0x000000000426285c        0x8 tests/programmer/built-in.a(sys_api_programmer.o)
                0x000000000426285c                system_clear_bootmode
 .text.system_get_bootmode
                0x0000000004262864        0x4 tests/programmer/built-in.a(sys_api_programmer.o)
                0x0000000004262864                system_get_bootmode
 .text.system_set_download_rate
                0x0000000004262868       0x14 tests/programmer/built-in.a(sys_api_programmer.o)
                0x0000000004262868                system_set_download_rate
 .text.get_sector_info
                0x000000000426287c       0x60 tests/programmer/built-in.a(sys_api_programmer.o)
                0x000000000426287c                get_sector_info
 .text.get_flash_id
                0x00000000042628dc       0x18 tests/programmer/built-in.a(sys_api_programmer.o)
                0x00000000042628dc                get_flash_id
 .text.get_flash_id_by_addr
                0x00000000042628f4       0x40 tests/programmer/built-in.a(sys_api_programmer.o)
                0x00000000042628f4                get_flash_id_by_addr
 .text.get_flash_unique_id
                0x0000000004262934       0x38 tests/programmer/built-in.a(sys_api_programmer.o)
                0x0000000004262934                get_flash_unique_id
 .text.get_flash_unique_id_by_addr
                0x000000000426296c       0x38 tests/programmer/built-in.a(sys_api_programmer.o)
                0x000000000426296c                get_flash_unique_id_by_addr
 .text.get_flash_size
                0x00000000042629a4       0x3c tests/programmer/built-in.a(sys_api_programmer.o)
                0x00000000042629a4                get_flash_size
 .text.get_flash_size_by_addr
                0x00000000042629e0       0x40 tests/programmer/built-in.a(sys_api_programmer.o)
                0x00000000042629e0                get_flash_size_by_addr
 .text.get_flash_ctrl_info
                0x0000000004262a20       0x3c tests/programmer/built-in.a(sys_api_programmer.o)
                0x0000000004262a20                get_flash_ctrl_info
 .text.erase_sector
                0x0000000004262a5c       0x30 tests/programmer/built-in.a(sys_api_programmer.o)
                0x0000000004262a5c                erase_sector
 .text.erase_chip
                0x0000000004262a8c       0x14 tests/programmer/built-in.a(sys_api_programmer.o)
                0x0000000004262a8c                erase_chip
 .text.erase_chip_by_addr
                0x0000000004262aa0       0x28 tests/programmer/built-in.a(sys_api_programmer.o)
                0x0000000004262aa0                erase_chip_by_addr
 .text.burn_data
                0x0000000004262ac8       0x34 tests/programmer/built-in.a(sys_api_programmer.o)
                0x0000000004262ac8                burn_data
 .text.verify_flash_data
                0x0000000004262afc       0xdc tests/programmer/built-in.a(sys_api_programmer.o)
                0x0000000004262afc                verify_flash_data
 .text.wait_data_buf_finished
                0x0000000004262bd8       0x14 tests/programmer/built-in.a(sys_api_programmer.o)
                0x0000000004262bd8                wait_data_buf_finished
 .text.wait_all_data_buf_finished
                0x0000000004262bec       0x20 tests/programmer/built-in.a(sys_api_programmer.o)
                0x0000000004262bec                wait_all_data_buf_finished
 .text.abort_all_data_buf
                0x0000000004262c0c       0x20 tests/programmer/built-in.a(sys_api_programmer.o)
                0x0000000004262c0c                abort_all_data_buf
 .text.programmer_main
                0x0000000004262c2c       0x88 tests/programmer/built-in.a(sys_api_programmer.o)
                0x0000000004262c2c                programmer_main
 .text.programmer_start
                0x0000000004262cb4        0x4 tests/programmer/built-in.a(sys_api_programmer.o)
                0x0000000004262cb4                programmer_start
 .text.send_burn_data_reply.isra.0
                0x0000000004262cb8       0x54 tests/programmer/built-in.a(flash_programmer.o)
 .text.get_burn_data_buf
                0x0000000004262d0c       0x2c tests/programmer/built-in.a(flash_programmer.o)
                0x0000000004262d0c                get_burn_data_buf
 .text.handle_data_buf
                0x0000000004262d38      0x194 tests/programmer/built-in.a(flash_programmer.o)
                0x0000000004262d38                handle_data_buf
 .text.free_data_buf
                0x0000000004262ecc       0x34 tests/programmer/built-in.a(flash_programmer.o)
                0x0000000004262ecc                free_data_buf
 .text.data_buf_in_use
                0x0000000004262f00       0x10 tests/programmer/built-in.a(flash_programmer.o)
                0x0000000004262f00                data_buf_in_use
 .text.data_buf_in_burn
                0x0000000004262f10       0x14 tests/programmer/built-in.a(flash_programmer.o)
                0x0000000004262f10                data_buf_in_burn
 .text.set_data_buf_abort_flag
                0x0000000004262f24       0x10 tests/programmer/built-in.a(flash_programmer.o)
                0x0000000004262f24                set_data_buf_abort_flag
 .text.send_notif_msg
                0x0000000004262f34       0x6c tests/programmer/built-in.a(flash_programmer.o)
                0x0000000004262f34                send_notif_msg
 .text.send_reply
                0x0000000004262fa0       0x74 tests/programmer/built-in.a(flash_programmer.o)
                0x0000000004262fa0                send_reply
 .text.programmer_loop
                0x0000000004263014     0x11bc tests/programmer/built-in.a(flash_programmer.o)
                0x0000000004263014                programmer_loop
 .text.NVIC_SetNMIHandler
                0x00000000042641d0        0xc platform/cmsis/built-in.a(cmsis_nvic.o)
                0x00000000042641d0                NVIC_SetNMIHandler
 .text.get_cpu_id
                0x00000000042641dc       0x10 platform/cmsis/built-in.a(system_ARMCM.o)
                0x00000000042641dc                get_cpu_id
 .text.set_bool_flag
                0x00000000042641ec       0x28 platform/cmsis/built-in.a(system_utils.o)
                0x00000000042641ec                set_bool_flag
 .text.clear_bool_flag
                0x0000000004264214        0xc platform/cmsis/built-in.a(system_utils.o)
                0x0000000004264214                clear_bool_flag
 .text.hal_iomux_set_uart0
                0x0000000004264220       0x34 platform/hal/built-in.a(hal_iomux_best1306p.o)
                0x0000000004264220                hal_iomux_set_uart0
 .text.hal_iomux_set_analog_i2c
                0x0000000004264254       0x30 platform/hal/built-in.a(hal_iomux_best1306p.o)
                0x0000000004264254                hal_iomux_set_analog_i2c
 .text.hal_iomux_set_jtag
                0x0000000004264284       0x24 platform/hal/built-in.a(hal_iomux_best1306p.o)
                0x0000000004264284                hal_iomux_set_jtag
 .text.hal_iomux_ispi_access_enable
                0x00000000042642a8       0x14 platform/hal/built-in.a(hal_iomux_best1306p.o)
                0x00000000042642a8                hal_iomux_ispi_access_enable
 .text.hal_iomux_ispi_access_disable
                0x00000000042642bc       0x18 platform/hal/built-in.a(hal_iomux_best1306p.o)
                0x00000000042642bc                hal_iomux_ispi_access_disable
 .text.hal_iomux_single_wire_uart_rx
                0x00000000042642d4       0x30 platform/hal/built-in.a(hal_iomux_best1306p.o)
                0x00000000042642d4                hal_iomux_single_wire_uart_rx
 .text.hal_iomux_single_wire_uart_tx
                0x0000000004264304        0x4 platform/hal/built-in.a(hal_iomux_best1306p.o)
                0x0000000004264304                hal_iomux_single_wire_uart_tx
 .text.hal_cmu_clock_enable
                0x0000000004264308       0xa8 platform/hal/built-in.a(hal_cmu_best1306p.o)
                0x0000000004264308                hal_cmu_clock_enable
 .text.hal_cmu_clock_disable
                0x00000000042643b0       0xa4 platform/hal/built-in.a(hal_cmu_best1306p.o)
                0x00000000042643b0                hal_cmu_clock_disable
 .text.hal_cmu_clock_get_status
                0x0000000004264454       0xa4 platform/hal/built-in.a(hal_cmu_best1306p.o)
                0x0000000004264454                hal_cmu_clock_get_status
 .text.hal_cmu_reset_set
                0x00000000042644f8       0xb8 platform/hal/built-in.a(hal_cmu_best1306p.o)
                0x00000000042644f8                hal_cmu_reset_set
 .text.hal_cmu_reset_clear
                0x00000000042645b0       0xd4 platform/hal/built-in.a(hal_cmu_best1306p.o)
                0x00000000042645b0                hal_cmu_reset_clear
 .text.hal_cmu_flash_set_freq
                0x0000000004264684      0x10c platform/hal/built-in.a(hal_cmu_best1306p.o)
                0x0000000004264684                hal_cmu_flash_set_freq
 .text.hal_cmu_flash1_set_freq
                0x0000000004264790      0x124 platform/hal/built-in.a(hal_cmu_best1306p.o)
                0x0000000004264790                hal_cmu_flash1_set_freq
 .text.hal_cmu_sys_set_freq
                0x00000000042648b4      0x104 platform/hal/built-in.a(hal_cmu_best1306p.o)
                0x00000000042648b4                hal_cmu_sys_set_freq
 .text.hal_cmu_sys_get_freq
                0x00000000042649b8       0x4c platform/hal/built-in.a(hal_cmu_best1306p.o)
                0x00000000042649b8                hal_cmu_sys_get_freq
 .text.hal_cmu_mem_set_freq
                0x0000000004264a04      0x144 platform/hal/built-in.a(hal_cmu_best1306p.o)
                0x0000000004264a04                hal_cmu_mem_set_freq
 .text.hal_cmu_low_freq_mode_enable
                0x0000000004264b48       0x18 platform/hal/built-in.a(hal_cmu_best1306p.o)
                0x0000000004264b48                hal_cmu_low_freq_mode_enable
 .text.hal_cmu_low_freq_mode_disable
                0x0000000004264b60       0x18 platform/hal/built-in.a(hal_cmu_best1306p.o)
                0x0000000004264b60                hal_cmu_low_freq_mode_disable
 .text.hal_cmu_programmer_enable_pll
                0x0000000004264b78       0x54 platform/hal/built-in.a(hal_cmu_best1306p.o)
                0x0000000004264b78                hal_cmu_programmer_enable_pll
 .text.hal_cmu_uart0_set_freq
                0x0000000004264bcc       0x58 platform/hal/built-in.a(hal_cmu_best1306p.o)
                0x0000000004264bcc                hal_cmu_uart0_set_freq
 .text.hal_cmu_uart1_set_freq
                0x0000000004264c24       0x58 platform/hal/built-in.a(hal_cmu_best1306p.o)
                0x0000000004264c24                hal_cmu_uart1_set_freq
 .text.hal_cmu_uart2_set_freq
                0x0000000004264c7c       0x58 platform/hal/built-in.a(hal_cmu_best1306p.o)
                0x0000000004264c7c                hal_cmu_uart2_set_freq
 .text.hal_cmu_uart3_set_freq
                0x0000000004264cd4       0x60 platform/hal/built-in.a(hal_cmu_best1306p.o)
                0x0000000004264cd4                hal_cmu_uart3_set_freq
 .text.hal_cmu_ispi_set_freq
                0x0000000004264d34       0x5c platform/hal/built-in.a(hal_cmu_best1306p.o)
                0x0000000004264d34                hal_cmu_ispi_set_freq
 .text.hal_cmu_jtag_clock_enable
                0x0000000004264d90        0xc platform/hal/built-in.a(hal_cmu_best1306p.o)
                0x0000000004264d90                hal_cmu_jtag_clock_enable
 .text.hal_analogif_reg_read
                0x0000000004264d9c       0xe0 platform/hal/built-in.a(hal_analogif_best1306p.o)
                0x0000000004264d9c                hal_analogif_reg_read
 .text.hal_analogif_reg_write
                0x0000000004264e7c       0xe8 platform/hal/built-in.a(hal_analogif_best1306p.o)
                0x0000000004264e7c                hal_analogif_reg_write
 .text.hal_cache_double_linefill_disable
                0x0000000004264f64       0x24 platform/hal/built-in.a(hal_cache.o)
                0x0000000004264f64                hal_cache_double_linefill_disable
 .text.hal_cache_invalidate
                0x0000000004264f88       0x68 platform/hal/built-in.a(hal_cache.o)
                0x0000000004264f88                hal_cache_invalidate
 .text.hal_get_chip_metal_id
                0x0000000004264ff0        0xc platform/hal/built-in.a(hal_chipid.o)
                0x0000000004264ff0                hal_get_chip_metal_id
 .text.hal_cmu_get_crystal_freq
                0x0000000004264ffc        0xc platform/hal/built-in.a(hal_cmu_common.o)
                0x0000000004264ffc                hal_cmu_get_crystal_freq
 .text.hal_cmu_get_fast_timer_freq
                0x0000000004265008        0xc platform/hal/built-in.a(hal_cmu_common.o)
                0x0000000004265008                hal_cmu_get_fast_timer_freq
 .text.hal_cmu_sys_reboot
                0x0000000004265014        0x8 platform/hal/built-in.a(hal_cmu_common.o)
                0x0000000004265014                hal_cmu_sys_reboot
 .text.hal_cmu_simu_fail
                0x000000000426501c       0x10 platform/hal/built-in.a(hal_cmu_common.o)
                0x000000000426501c                hal_cmu_simu_fail
 .text.hal_cmu_programmer_setup
                0x000000000426502c       0x5c platform/hal/built-in.a(hal_cmu_common.o)
                0x000000000426502c                hal_cmu_programmer_setup
 .text.hal_dma_handle_chan_irq
                0x0000000004265088       0x70 platform/hal/built-in.a(hal_dma.o)
 .text.hal_dma0_irq_handler
                0x00000000042650f8       0x28 platform/hal/built-in.a(hal_dma.o)
 .text.hal_dma1_irq_handler
                0x0000000004265120       0x28 platform/hal/built-in.a(hal_dma.o)
 .text.hal_dma_init_desc
                0x0000000004265148      0x15c platform/hal/built-in.a(hal_dma.o)
                0x0000000004265148                hal_dma_init_desc
 .text.hal_dma_sg_2d_start
                0x00000000042652a4      0x2ec platform/hal/built-in.a(hal_dma.o)
                0x00000000042652a4                hal_dma_sg_2d_start
 .text.hal_dma_sg_start
                0x0000000004265590        0x8 platform/hal/built-in.a(hal_dma.o)
                0x0000000004265590                hal_dma_sg_start
 .text.hal_dma_cancel
                0x0000000004265598       0x50 platform/hal/built-in.a(hal_dma.o)
                0x0000000004265598                hal_dma_cancel
 .text.hal_dma_stop
                0x00000000042655e8       0x98 platform/hal/built-in.a(hal_dma.o)
                0x00000000042655e8                hal_dma_stop
 .text.hal_dma_get_chan
                0x0000000004265680      0x140 platform/hal/built-in.a(hal_dma.o)
                0x0000000004265680                hal_dma_get_chan
 .text.hal_dma_free_chan
                0x00000000042657c0       0xa4 platform/hal/built-in.a(hal_dma.o)
                0x00000000042657c0                hal_dma_free_chan
 .text.hal_dma_irq_run_chan
                0x0000000004265864       0x58 platform/hal/built-in.a(hal_dma.o)
                0x0000000004265864                hal_dma_irq_run_chan
 .text.hal_dma_chan_busy
                0x00000000042658bc       0x44 platform/hal/built-in.a(hal_dma.o)
                0x00000000042658bc                hal_dma_chan_busy
 .text.hal_dma_get_sg_remain_size
                0x0000000004265900       0x58 platform/hal/built-in.a(hal_dma.o)
                0x0000000004265900                hal_dma_get_sg_remain_size
 .text.hal_dma_open
                0x0000000004265958      0x118 platform/hal/built-in.a(hal_dma.o)
                0x0000000004265958                hal_dma_open
 .text.hal_memsc_lock
                0x0000000004265a70       0x14 platform/hal/built-in.a(hal_memsc.o)
                0x0000000004265a70                hal_memsc_lock
 .text.hal_memsc_unlock
                0x0000000004265a84       0x14 platform/hal/built-in.a(hal_memsc.o)
                0x0000000004265a84                hal_memsc_unlock
 .text.hal_norflash_erase_int
                0x0000000004265a98       0xdc platform/hal/built-in.a(hal_norflash.o)
 .text._norflash_open
                0x0000000004265b74      0x2f4 platform/hal/built-in.a(hal_norflash.o)
 .text.hal_norflash_get_size
                0x0000000004265e68       0x5c platform/hal/built-in.a(hal_norflash.o)
                0x0000000004265e68                hal_norflash_get_size
 .text.hal_norflash_get_boundary
                0x0000000004265ec4       0x80 platform/hal/built-in.a(hal_norflash.o)
                0x0000000004265ec4                hal_norflash_get_boundary
 .text.hal_norflash_get_id
                0x0000000004265f44       0x34 platform/hal/built-in.a(hal_norflash.o)
                0x0000000004265f44                hal_norflash_get_id
 .text.hal_norflash_get_unique_id
                0x0000000004265f78       0x48 platform/hal/built-in.a(hal_norflash.o)
                0x0000000004265f78                hal_norflash_get_unique_id
 .text.hal_norflash_disable_protection
                0x0000000004265fc0        0x4 platform/hal/built-in.a(hal_norflash.o)
                0x0000000004265fc0                hal_norflash_disable_protection
 .text.hal_norflash_open
                0x0000000004265fc4       0x14 platform/hal/built-in.a(hal_norflash.o)
                0x0000000004265fc4                hal_norflash_open
 .text.hal_norflash_show_calib_result
                0x0000000004265fd8        0x4 platform/hal/built-in.a(hal_norflash.o)
                0x0000000004265fd8                hal_norflash_show_calib_result
 .text.hal_norflash_erase_chip
                0x0000000004265fdc       0x3c platform/hal/built-in.a(hal_norflash.o)
                0x0000000004265fdc                hal_norflash_erase_chip
 .text.hal_norflash_erase
                0x0000000004266018       0x34 platform/hal/built-in.a(hal_norflash.o)
                0x0000000004266018                hal_norflash_erase
 .text.hal_norflash_write_suspend
                0x000000000426604c       0xd8 platform/hal/built-in.a(hal_norflash.o)
                0x000000000426604c                hal_norflash_write_suspend
 .text.hal_norflash_write
                0x0000000004266124       0x10 platform/hal/built-in.a(hal_norflash.o)
                0x0000000004266124                hal_norflash_write
 .text.hal_norflash_get_init_config
                0x0000000004266134        0x8 platform/hal/built-in.a(hal_norflash.o)
                0x0000000004266134                hal_norflash_get_init_config
 .text.hal_norflash_addr_to_id
                0x000000000426613c       0x68 platform/hal/built-in.a(hal_norflash.o)
                0x000000000426613c                hal_norflash_addr_to_id
 .text.norflaship_continuous_read_mode_bit
                0x00000000042661a4       0x2c platform/hal/built-in.a(hal_norflaship_v2.o)
                0x00000000042661a4                norflaship_continuous_read_mode_bit
 .text.norflaship_continuous_read_off
                0x00000000042661d0       0x28 platform/hal/built-in.a(hal_norflaship_v2.o)
                0x00000000042661d0                norflaship_continuous_read_off
 .text.norflaship_continuous_read_on
                0x00000000042661f8       0x28 platform/hal/built-in.a(hal_norflaship_v2.o)
                0x00000000042661f8                norflaship_continuous_read_on
 .text.norflaship_write_txfifo
                0x0000000004266220       0x60 platform/hal/built-in.a(hal_norflaship_v2.o)
                0x0000000004266220                norflaship_write_txfifo
 .text.norflaship_write_txfifo_start
                0x0000000004266280       0x5c platform/hal/built-in.a(hal_norflaship_v2.o)
                0x0000000004266280                norflaship_write_txfifo_start
 .text.norflaship_write_txfifo_cont
                0x00000000042662dc       0x44 platform/hal/built-in.a(hal_norflaship_v2.o)
                0x00000000042662dc                norflaship_write_txfifo_cont
 .text.norflaship_read_rxfifo
                0x0000000004266320       0x10 platform/hal/built-in.a(hal_norflaship_v2.o)
                0x0000000004266320                norflaship_read_rxfifo
 .text.norflaship_blksize
                0x0000000004266330       0x24 platform/hal/built-in.a(hal_norflaship_v2.o)
                0x0000000004266330                norflaship_blksize
 .text.norflaship_cmd_addr
                0x0000000004266354       0x30 platform/hal/built-in.a(hal_norflaship_v2.o)
                0x0000000004266354                norflaship_cmd_addr
 .text.norflaship_ext_tx_cmd
                0x0000000004266384       0x40 platform/hal/built-in.a(hal_norflaship_v2.o)
                0x0000000004266384                norflaship_ext_tx_cmd
 .text.norflaship_ext_rx_cmd
                0x00000000042663c4       0x54 platform/hal/built-in.a(hal_norflaship_v2.o)
                0x00000000042663c4                norflaship_ext_rx_cmd
 .text.norflaship_cmd_done
                0x0000000004266418       0x24 platform/hal/built-in.a(hal_norflaship_v2.o)
                0x0000000004266418                norflaship_cmd_done
 .text.norflaship_rxfifo_count_wait
                0x000000000426643c       0x24 platform/hal/built-in.a(hal_norflaship_v2.o)
                0x000000000426643c                norflaship_rxfifo_count_wait
 .text.norflaship_rxfifo_empty_wait
                0x0000000004266460       0x1c platform/hal/built-in.a(hal_norflaship_v2.o)
                0x0000000004266460                norflaship_rxfifo_empty_wait
 .text.norflaship_busy_wait
                0x000000000426647c       0x1c platform/hal/built-in.a(hal_norflaship_v2.o)
                0x000000000426647c                norflaship_busy_wait
 .text.norflaship_clear_fifos
                0x0000000004266498       0x30 platform/hal/built-in.a(hal_norflaship_v2.o)
                0x0000000004266498                norflaship_clear_fifos
 .text.norflaship_clear_rxfifo
                0x00000000042664c8       0x30 platform/hal/built-in.a(hal_norflaship_v2.o)
                0x00000000042664c8                norflaship_clear_rxfifo
 .text.norflaship_clear_txfifo
                0x00000000042664f8       0x30 platform/hal/built-in.a(hal_norflaship_v2.o)
                0x00000000042664f8                norflaship_clear_txfifo
 .text.norflaship_div
                0x0000000004266528       0x30 platform/hal/built-in.a(hal_norflaship_v2.o)
                0x0000000004266528                norflaship_div
 .text.norflaship_get_div
                0x0000000004266558       0x14 platform/hal/built-in.a(hal_norflaship_v2.o)
                0x0000000004266558                norflaship_get_div
 .text.norflaship_samdly
                0x000000000426656c       0x2c platform/hal/built-in.a(hal_norflaship_v2.o)
                0x000000000426656c                norflaship_samdly
 .text.norflaship_dual_mode
                0x0000000004266598       0x34 platform/hal/built-in.a(hal_norflaship_v2.o)
                0x0000000004266598                norflaship_dual_mode
 .text.norflaship_quad_mode
                0x00000000042665cc       0x34 platform/hal/built-in.a(hal_norflaship_v2.o)
                0x00000000042665cc                norflaship_quad_mode
 .text.norflaship_4byteaddr_mode
                0x0000000004266600       0x20 platform/hal/built-in.a(hal_norflaship_v2.o)
                0x0000000004266600                norflaship_4byteaddr_mode
 .text.norflaship_ext_addr
                0x0000000004266620       0x10 platform/hal/built-in.a(hal_norflaship_v2.o)
                0x0000000004266620                norflaship_ext_addr
 .text.norflaship_nand_sel
                0x0000000004266630       0x20 platform/hal/built-in.a(hal_norflaship_v2.o)
                0x0000000004266630                norflaship_nand_sel
 .text.norflaship_rdcmd
                0x0000000004266650       0x1c platform/hal/built-in.a(hal_norflaship_v2.o)
                0x0000000004266650                norflaship_rdcmd
 .text.norflaship_qrdcmd
                0x000000000426666c       0x18 platform/hal/built-in.a(hal_norflaship_v2.o)
                0x000000000426666c                norflaship_qrdcmd
 .text.norflaship_set_idle_io_dir
                0x0000000004266684       0x1c platform/hal/built-in.a(hal_norflaship_v2.o)
                0x0000000004266684                norflaship_set_idle_io_dir
 .text.norflaship_dtr_mode
                0x00000000042666a0       0x34 platform/hal/built-in.a(hal_norflaship_v2.o)
                0x00000000042666a0                norflaship_dtr_mode
 .text.norflaship_dummy_qior
                0x00000000042666d4       0x14 platform/hal/built-in.a(hal_norflaship_v2.o)
                0x00000000042666d4                norflaship_dummy_qior
 .text.norflaship_cacheable_enable
                0x00000000042666e8       0x14 platform/hal/built-in.a(hal_norflaship_v2.o)
                0x00000000042666e8                norflaship_cacheable_enable
 .text.norflaship_cs1_samdly
                0x00000000042666fc       0x34 platform/hal/built-in.a(hal_norflaship_v2.o)
                0x00000000042666fc                norflaship_cs1_samdly
 .text.norflaship_fetch_64_bytes
                0x0000000004266730       0x24 platform/hal/built-in.a(hal_norflaship_v2.o)
                0x0000000004266730                norflaship_fetch_64_bytes
 .text.norflaship_clock_gating_enable
                0x0000000004266754       0x14 platform/hal/built-in.a(hal_norflaship_v2.o)
                0x0000000004266754                norflaship_clock_gating_enable
 .text.norflaship_rclk_dly_disable
                0x0000000004266768       0x1c platform/hal/built-in.a(hal_norflaship_v2.o)
                0x0000000004266768                norflaship_rclk_dly_disable
 .text.norflaship_set_rxfifo_ctrl
                0x0000000004266784       0x14 platform/hal/built-in.a(hal_norflaship_v2.o)
                0x0000000004266784                norflaship_set_rxfifo_ctrl
 .text.hal_spi_set_xfer_type_id.constprop.0
                0x0000000004266798       0x48 platform/hal/built-in.a(hal_spi.o)
 .text.hal_spi_enable_id.constprop.0
                0x00000000042667e0       0x44 platform/hal/built-in.a(hal_spi.o)
 .text.hal_spi_init_ctrl
                0x0000000004266824      0x234 platform/hal/built-in.a(hal_spi.o)
                0x0000000004266824                hal_spi_init_ctrl
 .text.hal_spi_open_id.constprop.0
                0x0000000004266a58       0x80 platform/hal/built-in.a(hal_spi.o)
 .text.hal_ispi_activate_cs
                0x0000000004266ad8       0x28 platform/hal/built-in.a(hal_spi.o)
                0x0000000004266ad8                hal_ispi_activate_cs
 .text.hal_ispi_send
                0x0000000004266b00       0xa8 platform/hal/built-in.a(hal_spi.o)
                0x0000000004266b00                hal_ispi_send
 .text.hal_ispi_recv
                0x0000000004266ba8      0x114 platform/hal/built-in.a(hal_spi.o)
                0x0000000004266ba8                hal_ispi_recv
 .text.hal_sysfreq_req
                0x0000000004266cbc      0x124 platform/hal/built-in.a(hal_sysfreq.o)
                0x0000000004266cbc                hal_sysfreq_req
 .text.hal_timer2x_irq_handler
                0x0000000004266de0       0x54 platform/hal/built-in.a(hal_timer.o)
 .text.hal_timer_common_setup
                0x0000000004266e34       0xb8 platform/hal/built-in.a(hal_timer.o)
 .text.hal_timer_slow_irq_handler
                0x0000000004266eec       0x30 platform/hal/built-in.a(hal_timer.o)
 .text.hal_timer11_irq_handler
                0x0000000004266f1c       0x30 platform/hal/built-in.a(hal_timer.o)
 .text.hal_sys_timer_get
                0x0000000004266f4c        0xc platform/hal/built-in.a(hal_timer.o)
                0x0000000004266f4c                hal_sys_timer_get
                0x0000000004266f4c                hal_sys_timer_get_in_sleep
 .text.hal_sys_timer_delay
                0x0000000004266f58       0x14 platform/hal/built-in.a(hal_timer.o)
                0x0000000004266f58                hal_sys_timer_delay_in_sleep
                0x0000000004266f58                hal_sys_timer_delay
 .text.hal_sys_timer_delay_us
                0x0000000004266f6c       0x38 platform/hal/built-in.a(hal_timer.o)
                0x0000000004266f6c                hal_sys_timer_delay_us
 .text.hal_timer_setup
                0x0000000004266fa4        0xc platform/hal/built-in.a(hal_timer.o)
                0x0000000004266fa4                hal_timer_setup
 .text.hal_timer_start
                0x0000000004266fb0       0x2c platform/hal/built-in.a(hal_timer.o)
                0x0000000004266fb0                hal_timer_start
 .text.hal_timer_stop
                0x0000000004266fdc       0x28 platform/hal/built-in.a(hal_timer.o)
                0x0000000004266fdc                hal_timer_stop
 .text.hal_timer_is_enabled
                0x0000000004267004       0x10 platform/hal/built-in.a(hal_timer.o)
                0x0000000004267004                hal_timer_is_enabled
 .text.hal_timer_get_raw_value
                0x0000000004267014        0xc platform/hal/built-in.a(hal_timer.o)
                0x0000000004267014                hal_timer_get_raw_value
 .text.hal_timer_get_elapsed_time
                0x0000000004267020       0x18 platform/hal/built-in.a(hal_timer.o)
                0x0000000004267020                hal_timer_get_elapsed_time
 .text.hal_trace_uart_dma_send
                0x0000000004267038      0x118 platform/hal/built-in.a(hal_trace.o)
 .text.hal_trace_uart_xfer_done
                0x0000000004267150       0x80 platform/hal/built-in.a(hal_trace.o)
 .text.hal_trace_flush_buffer_internal.part.0
                0x00000000042671d0       0xa8 platform/hal/built-in.a(hal_trace.o)
 .text.hal_trace_send
                0x0000000004267278       0x2c platform/hal/built-in.a(hal_trace.o)
                0x0000000004267278                hal_trace_send
 .text.hal_trace_switch
                0x00000000042672a4      0x100 platform/hal/built-in.a(hal_trace.o)
                0x00000000042672a4                hal_trace_switch
 .text.hal_trace_flush_buffer
                0x00000000042673a4       0x3c platform/hal/built-in.a(hal_trace.o)
                0x00000000042673a4                hal_trace_flush_buffer
 .text.hal_trace_flush_buffer_internal
                0x00000000042673e0       0x3c platform/hal/built-in.a(hal_trace.o)
                0x00000000042673e0                hal_trace_flush_buffer_internal
 .text.hal_trace_get_backtrace_addr
                0x000000000426741c       0x64 platform/hal/built-in.a(hal_trace.o)
                0x000000000426741c                hal_trace_get_backtrace_addr
 .text.format_string
                0x0000000004267480       0x3c platform/hal/built-in.a(hal_trace.o)
                0x0000000004267480                format_string
 .text.hal_trace_assert_dump
                0x00000000042674bc       0x58 platform/hal/built-in.a(hal_trace.o)
                0x00000000042674bc                hal_trace_assert_dump
 .text.hal_trace_output_internal
                0x0000000004267514      0x364 platform/hal/built-in.a(hal_trace.o)
                0x0000000004267514                hal_trace_output_internal
 .text.hal_trace_printf_internal
                0x0000000004267878       0x78 platform/hal/built-in.a(hal_trace.o)
                0x0000000004267878                hal_trace_printf_internal
 .text.hal_trace_printf
                0x00000000042678f0       0x4c platform/hal/built-in.a(hal_trace.o)
                0x00000000042678f0                hal_trace_printf
 .text.hal_trace_dump_internal
                0x000000000426793c       0xe0 platform/hal/built-in.a(hal_trace.o)
                0x000000000426793c                hal_trace_dump_internal
 .text.hal_trace_dump
                0x0000000004267a1c        0x4 platform/hal/built-in.a(hal_trace.o)
                0x0000000004267a1c                hal_trace_dump
 .text.hal_trace_print_special_stack_registers
                0x0000000004267a20       0x5c platform/hal/built-in.a(hal_trace.o)
                0x0000000004267a20                hal_trace_print_special_stack_registers
 .text.hal_trace_print_common_registers
                0x0000000004267a7c       0x88 platform/hal/built-in.a(hal_trace.o)
                0x0000000004267a7c                hal_trace_print_common_registers
 .text.hal_trace_print_stack
                0x0000000004267b04      0x10c platform/hal/built-in.a(hal_trace.o)
                0x0000000004267b04                hal_trace_print_stack
 .text.hal_trace_print_backtrace
                0x0000000004267c10       0xdc platform/hal/built-in.a(hal_trace.o)
                0x0000000004267c10                hal_trace_print_backtrace
 .text.hal_trace_assert_dump_internal
                0x0000000004267cec      0x17c platform/hal/built-in.a(hal_trace.o)
 .text.hal_trace_open
                0x0000000004267e68      0x140 platform/hal/built-in.a(hal_trace.o)
                0x0000000004267e68                hal_trace_open
 .text.recv_dma_start_callback
                0x0000000004267fa8       0x34 platform/hal/built-in.a(hal_uart.o)
 .text.hal_uart_irq_handler
                0x0000000004267fdc       0x40 platform/hal/built-in.a(hal_uart.o)
 .text.set_baud_rate
                0x000000000426801c       0x7c platform/hal/built-in.a(hal_uart.o)
 .text.start_recv_dma_with_mask
                0x0000000004268098      0x458 platform/hal/built-in.a(hal_uart.o)
 .text.recv_dma_irq_handler
                0x00000000042684f0       0xd8 platform/hal/built-in.a(hal_uart.o)
 .text.hal_uart_close
                0x00000000042685c8      0x104 platform/hal/built-in.a(hal_uart.o)
                0x00000000042685c8                hal_uart_close
 .text.hal_uart_opened
                0x00000000042686cc       0x44 platform/hal/built-in.a(hal_uart.o)
                0x00000000042686cc                hal_uart_opened
 .text.hal_uart_open
                0x0000000004268710      0x228 platform/hal/built-in.a(hal_uart.o)
                0x0000000004268710                hal_uart_open
 .text.hal_uart_change_baud_rate
                0x0000000004268938       0x74 platform/hal/built-in.a(hal_uart.o)
                0x0000000004268938                hal_uart_change_baud_rate
 .text.hal_uart_continue
                0x00000000042689ac       0x68 platform/hal/built-in.a(hal_uart.o)
                0x00000000042689ac                hal_uart_continue
 .text.hal_uart_writable
                0x0000000004268a14       0x2c platform/hal/built-in.a(hal_uart.o)
                0x0000000004268a14                hal_uart_writable
 .text.hal_uart_putc
                0x0000000004268a40       0x3c platform/hal/built-in.a(hal_uart.o)
                0x0000000004268a40                hal_uart_putc
 .text.hal_uart_get_flag
                0x0000000004268a7c       0x24 platform/hal/built-in.a(hal_uart.o)
                0x0000000004268a7c                hal_uart_get_flag
 .text.hal_uart_break_set
                0x0000000004268aa0       0x2c platform/hal/built-in.a(hal_uart.o)
                0x0000000004268aa0                hal_uart_break_set
 .text.hal_uart_break_clear
                0x0000000004268acc       0x2c platform/hal/built-in.a(hal_uart.o)
                0x0000000004268acc                hal_uart_break_clear
 .text.hal_uart_flush
                0x0000000004268af8       0x60 platform/hal/built-in.a(hal_uart.o)
                0x0000000004268af8                hal_uart_flush
 .text.hal_uart_irq_set_mask
                0x0000000004268b58       0x4c platform/hal/built-in.a(hal_uart.o)
                0x0000000004268b58                hal_uart_irq_set_mask
 .text.hal_uart_irq_set_dma_handler
                0x0000000004268ba4       0x38 platform/hal/built-in.a(hal_uart.o)
                0x0000000004268ba4                hal_uart_irq_set_dma_handler
 .text.hal_uart_dma_recv
                0x0000000004268bdc       0x2c platform/hal/built-in.a(hal_uart.o)
                0x0000000004268bdc                hal_uart_dma_recv
 .text.hal_uart_stop_dma_recv
                0x0000000004268c08       0x74 platform/hal/built-in.a(hal_uart.o)
                0x0000000004268c08                hal_uart_stop_dma_recv
 .text.dma_mode_uart_irq_handler
                0x0000000004268c7c       0x54 platform/hal/built-in.a(hal_uart.o)
 .text.reset_epn_out_transfer
                0x0000000004268cd0       0x40 platform/hal/built-in.a(hal_usb.o)
 .text.reset_epn_in_transfer
                0x0000000004268d10       0x40 platform/hal/built-in.a(hal_usb.o)
 .text._set_global_out_nak
                0x0000000004268d50      0x104 platform/hal/built-in.a(hal_usb.o)
 .text._disable_out_ep.part.0
                0x0000000004268e54       0xe0 platform/hal/built-in.a(hal_usb.o)
 .text._disable_in_ep.part.0
                0x0000000004268f34       0xf8 platform/hal/built-in.a(hal_usb.o)
 .text.hal_usb_disable_ep
                0x000000000426902c       0x50 platform/hal/built-in.a(hal_usb.o)
                0x000000000426902c                hal_usb_disable_ep
 .text.hal_usb_stop_ep
                0x000000000426907c       0x2c platform/hal/built-in.a(hal_usb.o)
                0x000000000426907c                hal_usb_stop_ep
 .text.hal_usb_recv_epn
                0x00000000042690a8       0xdc platform/hal/built-in.a(hal_usb.o)
                0x00000000042690a8                hal_usb_recv_epn
 .text.hal_usb_send_epn
                0x0000000004269184      0x154 platform/hal/built-in.a(hal_usb.o)
                0x0000000004269184                hal_usb_send_epn
 .text._wdt1_irq_handler
                0x00000000042692d8       0x14 platform/hal/built-in.a(hal_wdt.o)
 .text._wdt_load
                0x00000000042692ec       0x54 platform/hal/built-in.a(hal_wdt.o)
 .text.hal_wdt_start
                0x0000000004269340       0x60 platform/hal/built-in.a(hal_wdt.o)
                0x0000000004269340                hal_wdt_start
 .text.hal_wdt_ping
                0x00000000042693a0       0x18 platform/hal/built-in.a(hal_wdt.o)
                0x00000000042693a0                hal_wdt_ping
 .text.hal_wdt_set_timeout
                0x00000000042693b8       0x34 platform/hal/built-in.a(hal_wdt.o)
                0x00000000042693b8                hal_wdt_set_timeout
 .text.hal_wdt_set_irq_callback
                0x00000000042693ec       0x48 platform/hal/built-in.a(hal_wdt.o)
                0x00000000042693ec                hal_wdt_set_irq_callback
 .text.SzAlloc  0x0000000004269434        0xc utils/lzma/built-in.a(bes_lzma_api.o)
 .text.SzFree   0x0000000004269440        0xc utils/lzma/built-in.a(bes_lzma_api.o)
 .text.bes_lzma_dec_init
                0x000000000426944c       0x2c utils/lzma/built-in.a(bes_lzma_api.o)
                0x000000000426944c                bes_lzma_dec_init
 .text.bes_lzma_malloc
                0x0000000004269478       0x10 utils/lzma/built-in.a(bes_lzma_api.o)
                0x0000000004269478                bes_lzma_malloc
 .text.bes_lzma_free
                0x0000000004269488       0x10 utils/lzma/built-in.a(bes_lzma_api.o)
                0x0000000004269488                bes_lzma_free
 .text.bes_lzma_dec_buf
                0x0000000004269498       0x78 utils/lzma/built-in.a(bes_lzma_api.o)
                0x0000000004269498                bes_lzma_dec_buf
 .text.LzmaDec_WriteRem
                0x0000000004269510       0x68 utils/lzma/built-in.a(LzmaDec.o)
 .text.LzmaDec_DecodeReal2
                0x0000000004269578      0xff0 utils/lzma/built-in.a(LzmaDec.o)
 .text.LzmaDec_TryDummy
                0x000000000426a568      0x444 utils/lzma/built-in.a(LzmaDec.o)
 .text.LzmaDec_AllocateProbs2.isra.0
                0x000000000426a9ac       0x48 utils/lzma/built-in.a(LzmaDec.o)
 .text.LzmaDec_DecodeToDic
                0x000000000426a9f4      0x2a8 utils/lzma/built-in.a(LzmaDec.o)
                0x000000000426a9f4                LzmaDec_DecodeToDic
 .text.LzmaProps_Decode
                0x000000000426ac9c       0x60 utils/lzma/built-in.a(LzmaDec.o)
                0x000000000426ac9c                LzmaProps_Decode
 .text.LzmaDecode
                0x000000000426acfc       0xc8 utils/lzma/built-in.a(LzmaDec.o)
                0x000000000426acfc                LzmaDecode
 .text.ota_copy_compressed_image
                0x000000000426adc4      0x39c utils/lzma/built-in.a(bes_lzma_utils.o)
                0x000000000426adc4                ota_copy_compressed_image
 .text.get_prev_free_block
                0x000000000426b160       0x60 utils/heap/built-in.a(multi_heap.o)
 .text.split_if_necessary
                0x000000000426b1c0       0xf0 utils/heap/built-in.a(multi_heap.o)
 .text.assert_valid_block
                0x000000000426b2b0       0x58 utils/heap/built-in.a(multi_heap.o)
 .text.merge_adjacent
                0x000000000426b308       0xc8 utils/heap/built-in.a(multi_heap.o)
 .text.multi_heap_register_impl
                0x000000000426b3d0       0x74 utils/heap/built-in.a(multi_heap.o)
                0x000000000426b3d0                multi_heap_register_impl
                0x000000000426b3d0                multi_heap_register
 .text.multi_heap_malloc_impl
                0x000000000426b444      0x134 utils/heap/built-in.a(multi_heap.o)
                0x000000000426b444                multi_heap_malloc
                0x000000000426b444                multi_heap_malloc_impl
 .text.multi_heap_free_impl
                0x000000000426b578      0x110 utils/heap/built-in.a(multi_heap.o)
                0x000000000426b578                multi_heap_free
                0x000000000426b578                multi_heap_free_impl
 .text.syspool_original_size.part.0
                0x000000000426b688       0x28 utils/heap/built-in.a(pool_api.o)
 .text.syspool_init_specific_size
                0x000000000426b6b0       0x58 utils/heap/built-in.a(pool_api.o)
                0x000000000426b6b0                syspool_init_specific_size
 .text.syspool_init
                0x000000000426b708       0x20 utils/heap/built-in.a(pool_api.o)
                0x000000000426b708                syspool_init
 .text.syspool_start_addr
                0x000000000426b728        0x8 utils/heap/built-in.a(pool_api.o)
                0x000000000426b728                syspool_start_addr
 .text.syspool_total_size
                0x000000000426b730        0xc utils/heap/built-in.a(pool_api.o)
                0x000000000426b730                syspool_total_size
 .text.programmer_update_magic_number
                0x000000000426b73c       0x58 tests/programmer_ext/ota_copy/built-in.a(ota_copy.o)
                0x000000000426b73c                programmer_update_magic_number
 .text.copy_new_image
                0x000000000426b794       0x8c tests/programmer_ext/ota_copy/built-in.a(ota_copy.o)
                0x000000000426b794                copy_new_image
 .text.ota_copy_init
                0x000000000426b820       0x2c tests/programmer_ext/ota_copy/built-in.a(ota_copy.o)
 .text.vsnprintf
                0x000000000426b84c       0x14 utils/libc/built-in.a(libc_rom.o)
                0x000000000426b84c                vsnprintf
 .text.memset   0x000000000426b860        0xc utils/libc/built-in.a(libc_rom_mem.o)
                0x000000000426b860                memset
 .text.memcpy   0x000000000426b86c        0xc utils/libc/built-in.a(libc_rom_mem.o)
                0x000000000426b86c                memcpy
 .text.memmove  0x000000000426b878      0x134 utils/libc/built-in.a(libc_rom_mem.o)
                0x000000000426b878                memmove
 .text.strlen   0x000000000426b9ac       0x18 utils/libc/built-in.a(strlen.o)
                0x000000000426b9ac                strlen
 .text.programmer_set_ext_gpio
                0x000000000426b9c4        0x4 config/built-in.a(tgt_hardware.o)
                0x000000000426b9c4                programmer_set_ext_gpio
 .text.strncmp  0x000000000426b9c8       0x78 /home/derek/toolchains/gcc-arm-none-eabi-10.3-2021.10/bin/../lib/gcc/arm-none-eabi/10.3.1/../../../../arm-none-eabi/lib/thumb/v8-m.main+fp/hard/libc.a(lib_a-strncmp.o)
                0x000000000426b9c8                strncmp
 .text.strncmp.__stub
                0x000000000426ba40      0x100 linker stubs
                0x000000000426bb40                . = ALIGN (0x4)
                0x000000000426bb40                __boot_text_sram_end__ = .
                0x000000002c00e58c                __boot_text_sram_end_flash__ = (__boot_sram_start_flash__ + SIZEOF (.text))
                0x000000002c00e58c                __boot_data_sram_start_flash__ = __boot_text_sram_end_flash__

.glue_7         0x000000000426bb40        0x0 load address 0x000000002c00e58c
 .glue_7        0x000000000426bb40        0x0 linker stubs

.glue_7t        0x000000000426bb40        0x0 load address 0x000000002c00e58c
 .glue_7t       0x000000000426bb40        0x0 linker stubs

.vfp11_veneer   0x000000000426bb40        0x0 load address 0x000000002c00e58c
 .vfp11_veneer  0x000000000426bb40        0x0 linker stubs

.v4_bx          0x000000000426bb40        0x0 load address 0x000000002c00e58c
 .v4_bx         0x000000000426bb40        0x0 linker stubs

.iplt           0x000000000426bb40        0x0 load address 0x000000002c00e58c
 .iplt          0x000000000426bb40        0x0 tests/programmer/built-in.a(usb_cdc.o)

.rodata         0x000000002406bb40     0x1e08 load address 0x000000002c00e58c
                0x000000002406bb40                __boot_data_sram_start__ = .
 *(.rodata*)
 .rodata.cdc_serial_state_hdr
                0x000000002406bb40        0x8 tests/programmer/built-in.a(usb_cdc.o)
 .rodata.pmu_wdt_reboot.str1.4
                0x000000002406bb48       0x20 tests/programmer/built-in.a(pmu_best1306p.o)
 .rodata.pmu_sys_ctrl.str1.4
                0x000000002406bb68       0x5d tests/programmer/built-in.a(pmu_best1306p.o)
 *fill*         0x000000002406bbc5        0x3 
 .rodata.gd25q32c_cfg
                0x000000002406bbc8       0x1c tests/programmer/built-in.a(norflash_gd25q32c.o)
                0x000000002406bbc8                gd25q32c_cfg
 .rodata.p25q16sl_cfg
                0x000000002406bbe4       0x1c tests/programmer/built-in.a(norflash_gd25q32c.o)
                0x000000002406bbe4                p25q16sl_cfg
 .rodata.p25q32l_cfg
                0x000000002406bc00       0x1c tests/programmer/built-in.a(norflash_gd25q32c.o)
                0x000000002406bc00                p25q32l_cfg
 .rodata.p25q32sl_cfg
                0x000000002406bc1c       0x1c tests/programmer/built-in.a(norflash_gd25q32c.o)
                0x000000002406bc1c                p25q32sl_cfg
 .rodata.p25q32sn_cfg
                0x000000002406bc38       0x1c tests/programmer/built-in.a(norflash_gd25q32c.o)
                0x000000002406bc38                p25q32sn_cfg
 .rodata.p25q64ha_cfg
                0x000000002406bc54       0x1c tests/programmer/built-in.a(norflash_gd25q32c.o)
                0x000000002406bc54                p25q64ha_cfg
 .rodata.p25q64sn_cfg
                0x000000002406bc70       0x1c tests/programmer/built-in.a(norflash_gd25q32c.o)
                0x000000002406bc70                p25q64sn_cfg
 .rodata.py25q128laa_cfg
                0x000000002406bc8c       0x1c tests/programmer/built-in.a(norflash_gd25q32c.o)
                0x000000002406bc8c                py25q128laa_cfg
 .rodata.sk25le032_cfg
                0x000000002406bca8       0x1c tests/programmer/built-in.a(norflash_gd25q32c.o)
                0x000000002406bca8                sk25le032_cfg
 .rodata.sk25le064_cfg
                0x000000002406bcc4       0x1c tests/programmer/built-in.a(norflash_gd25q32c.o)
                0x000000002406bcc4                sk25le064_cfg
 .rodata.xm25lu64c_cfg
                0x000000002406bce0       0x1c tests/programmer/built-in.a(norflash_gd25q32c.o)
                0x000000002406bce0                xm25lu64c_cfg
 .rodata.xm25qh80b_cfg
                0x000000002406bcfc       0x1c tests/programmer/built-in.a(norflash_gd25q32c.o)
                0x000000002406bcfc                xm25qh80b_cfg
 .rodata.xm25qu128c_cfg
                0x000000002406bd18       0x1c tests/programmer/built-in.a(norflash_gd25q32c.o)
                0x000000002406bd18                xm25qu128c_cfg
 .rodata.xm25qu256c_cfg
                0x000000002406bd34       0x1c tests/programmer/built-in.a(norflash_gd25q32c.o)
                0x000000002406bd34                xm25qu256c_cfg
 .rodata.zb25lq64a_cfg
                0x000000002406bd50       0x1c tests/programmer/built-in.a(norflash_gd25q32c.o)
                0x000000002406bd50                zb25lq64a_cfg
 .rodata.gd25d20c_cfg
                0x000000002406bd6c       0x1c tests/programmer/built-in.a(norflash_gd25lq32c.o)
                0x000000002406bd6c                gd25d20c_cfg
 .rodata.gd25d40c_cfg
                0x000000002406bd88       0x1c tests/programmer/built-in.a(norflash_gd25lq32c.o)
                0x000000002406bd88                gd25d40c_cfg
 .rodata.gd25le128e_cfg
                0x000000002406bda4       0x1c tests/programmer/built-in.a(norflash_gd25lq32c.o)
                0x000000002406bda4                gd25le128e_cfg
 .rodata.gd25le255e_cfg
                0x000000002406bdc0       0x1c tests/programmer/built-in.a(norflash_gd25lq32c.o)
                0x000000002406bdc0                gd25le255e_cfg
 .rodata.gd25lf16e_cfg
                0x000000002406bddc       0x1c tests/programmer/built-in.a(norflash_gd25lq32c.o)
                0x000000002406bddc                gd25lf16e_cfg
 .rodata.gd25lf32e_cfg
                0x000000002406bdf8       0x1c tests/programmer/built-in.a(norflash_gd25lq32c.o)
                0x000000002406bdf8                gd25lf32e_cfg
 .rodata.gd25lf64e_cfg
                0x000000002406be14       0x1c tests/programmer/built-in.a(norflash_gd25lq32c.o)
                0x000000002406be14                gd25lf64e_cfg
 .rodata.gd25lf80e_cfg
                0x000000002406be30       0x1c tests/programmer/built-in.a(norflash_gd25lq32c.o)
                0x000000002406be30                gd25lf80e_cfg
 .rodata.gd25lq16c_cfg
                0x000000002406be4c       0x1c tests/programmer/built-in.a(norflash_gd25lq32c.o)
                0x000000002406be4c                gd25lq16c_cfg
 .rodata.gd25lq32c_cfg
                0x000000002406be68       0x1c tests/programmer/built-in.a(norflash_gd25lq32c.o)
                0x000000002406be68                gd25lq32c_cfg
 .rodata.gd25lq64c_cfg
                0x000000002406be84       0x1c tests/programmer/built-in.a(norflash_gd25lq32c.o)
                0x000000002406be84                gd25lq64c_cfg
 .rodata.gd25lq80c_cfg
                0x000000002406bea0       0x1c tests/programmer/built-in.a(norflash_gd25lq32c.o)
                0x000000002406bea0                gd25lq80c_cfg
 .rodata.gd25q80c_cfg
                0x000000002406bebc       0x1c tests/programmer/built-in.a(norflash_gd25lq32c.o)
                0x000000002406bebc                gd25q80c_cfg
 .rodata.gd25uf128e_cfg
                0x000000002406bed8       0x1c tests/programmer/built-in.a(norflash_gd25lq32c.o)
                0x000000002406bed8                gd25uf128e_cfg
 .rodata.gd25uf64e_cfg
                0x000000002406bef4       0x1c tests/programmer/built-in.a(norflash_gd25lq32c.o)
                0x000000002406bef4                gd25uf64e_cfg
 .rodata.p25q16l_cfg
                0x000000002406bf10       0x1c tests/programmer/built-in.a(norflash_gd25lq32c.o)
                0x000000002406bf10                p25q16l_cfg
 .rodata.p25q21h_cfg
                0x000000002406bf2c       0x1c tests/programmer/built-in.a(norflash_gd25lq32c.o)
                0x000000002406bf2c                p25q21h_cfg
 .rodata.p25q40h_cfg
                0x000000002406bf48       0x1c tests/programmer/built-in.a(norflash_gd25lq32c.o)
                0x000000002406bf48                p25q40h_cfg
 .rodata.p25q80h_cfg
                0x000000002406bf64       0x1c tests/programmer/built-in.a(norflash_gd25lq32c.o)
                0x000000002406bf64                p25q80h_cfg
 .rodata.norflash_sample_delay_calib.str1.4
                0x000000002406bf80       0x15 tests/programmer/built-in.a(norflash_drv.o)
 *fill*         0x000000002406bf95        0x3 
 .rodata.__func__.1
                0x000000002406bf98       0x21 tests/programmer/built-in.a(norflash_drv.o)
 *fill*         0x000000002406bfb9        0x3 
 .rodata.__func__.2
                0x000000002406bfbc       0x20 tests/programmer/built-in.a(norflash_drv.o)
 .rodata.data.4
                0x000000002406bfdc        0x4 tests/programmer/built-in.a(norflash_drv.o)
 .rodata.flash_list
                0x000000002406bfe0       0x98 tests/programmer/built-in.a(norflash_drv.o)
 .rodata.flash_pattern.3
                0x000000002406c078       0x30 tests/programmer/built-in.a(norflash_drv.o)
 .rodata.samdly_list_div1
                0x000000002406c0a8        0x4 tests/programmer/built-in.a(norflash_drv.o)
 .rodata.samdly_list_divn
                0x000000002406c0ac        0xb tests/programmer/built-in.a(norflash_drv.o)
 *fill*         0x000000002406c0b7        0x1 
 .rodata.hwtimer_handler.str1.4
                0x000000002406c0b8       0xd2 tests/programmer/built-in.a(hwtimer_list.o)
 *fill*         0x000000002406c18a        0x2 
 .rodata.__hwtimer_start_int.part.0.str1.4
                0x000000002406c18c       0x2a tests/programmer/built-in.a(hwtimer_list.o)
 *fill*         0x000000002406c1b6        0x2 
 .rodata.hwtimer_stop.str1.4
                0x000000002406c1b8       0xda tests/programmer/built-in.a(hwtimer_list.o)
 *fill*         0x000000002406c292        0x2 
 .rodata.uart_rx_dma_handler.str1.4
                0x000000002406c294       0x54 tests/programmer/built-in.a(sys_api_programmer.o)
 .rodata.init_download_context.str1.4
                0x000000002406c2e8       0xa9 tests/programmer/built-in.a(sys_api_programmer.o)
 *fill*         0x000000002406c391        0x3 
 .rodata.handle_error.str1.4
                0x000000002406c394       0x35 tests/programmer/built-in.a(sys_api_programmer.o)
 *fill*         0x000000002406c3c9        0x3 
 .rodata.verify_flash_data.str1.4
                0x000000002406c3cc       0x59 tests/programmer/built-in.a(sys_api_programmer.o)
 *fill*         0x000000002406c425        0x3 
 .rodata.programmer_main.str1.4
                0x000000002406c428       0x2e tests/programmer/built-in.a(sys_api_programmer.o)
 *fill*         0x000000002406c456        0x2 
 .rodata.__FUNCTION__.0
                0x000000002406c458       0x10 tests/programmer/built-in.a(sys_api_programmer.o)
 .rodata.handle_data_buf.str1.4
                0x000000002406c468      0x15c tests/programmer/built-in.a(flash_programmer.o)
 .rodata.send_reply.str1.4
                0x000000002406c5c4       0x1b tests/programmer/built-in.a(flash_programmer.o)
 *fill*         0x000000002406c5df        0x1 
 .rodata.programmer_loop.str1.4
                0x000000002406c5e0      0x74d tests/programmer/built-in.a(flash_programmer.o)
                                        0x755 (size before relaxing)
 *fill*         0x000000002406cd2d        0x3 
 .rodata.__FUNCTION__.0
                0x000000002406cd30       0x10 tests/programmer/built-in.a(flash_programmer.o)
 .rodata.CSWTCH.120
                0x000000002406cd40       0x1c platform/hal/built-in.a(hal_cmu_best1306p.o)
 .rodata.CSWTCH.121
                0x000000002406cd5c       0x1c platform/hal/built-in.a(hal_cmu_best1306p.o)
 .rodata.CSWTCH.122
                0x000000002406cd78       0x1c platform/hal/built-in.a(hal_cmu_best1306p.o)
 .rodata.page_val
                0x000000002406cd94        0xc platform/hal/built-in.a(hal_analogif_best1306p.o)
 .rodata.spi_cfg
                0x000000002406cda0        0xc platform/hal/built-in.a(hal_analogif_best1306p.o)
 .rodata.hal_dma_sg_2d_start.str1.4
                0x000000002406cdac       0xcf platform/hal/built-in.a(hal_dma.o)
 *fill*         0x000000002406ce7b        0x1 
 .rodata.hal_dma_get_chan.str1.4
                0x000000002406ce7c       0x2f platform/hal/built-in.a(hal_dma.o)
 *fill*         0x000000002406ceab        0x1 
 .rodata.hal_dma_free_chan.str1.4
                0x000000002406ceac       0x26 platform/hal/built-in.a(hal_dma.o)
 *fill*         0x000000002406ced2        0x2 
 .rodata.CSWTCH.69
                0x000000002406ced4       0x20 platform/hal/built-in.a(hal_dma.o)
 .rodata.audma_fifo_addr
                0x000000002406cef4       0x40 platform/hal/built-in.a(hal_dma.o)
 .rodata.audma_fifo_periph
                0x000000002406cf34       0x10 platform/hal/built-in.a(hal_dma.o)
 .rodata.chan_num
                0x000000002406cf44        0x2 platform/hal/built-in.a(hal_dma.o)
 *fill*         0x000000002406cf46        0x2 
 .rodata.chan_start
                0x000000002406cf48        0x2 platform/hal/built-in.a(hal_dma.o)
 *fill*         0x000000002406cf4a        0x2 
 .rodata.dma    0x000000002406cf4c        0x8 platform/hal/built-in.a(hal_dma.o)
 .rodata.fifo_addr
                0x000000002406cf54       0x10 platform/hal/built-in.a(hal_dma.o)
 .rodata.gpdma_fifo_addr
                0x000000002406cf64       0x40 platform/hal/built-in.a(hal_dma.o)
 .rodata.gpdma_fifo_periph
                0x000000002406cfa4       0x10 platform/hal/built-in.a(hal_dma.o)
 .rodata.irq_entry
                0x000000002406cfb4        0x8 platform/hal/built-in.a(hal_dma.o)
 .rodata.irq_type
                0x000000002406cfbc        0x4 platform/hal/built-in.a(hal_dma.o)
 .rodata._norflash_open.str1.4
                0x000000002406cfc0       0x28 platform/hal/built-in.a(hal_norflash.o)
 .rodata.norflash_base
                0x000000002406cfe8       0x20 platform/hal/built-in.a(hal_norflash.o)
 .rodata.norflash_cfg
                0x000000002406d008       0x10 platform/hal/built-in.a(hal_norflash.o)
 .rodata.norflash
                0x000000002406d018        0x8 platform/hal/built-in.a(hal_norflaship_v2.o)
 .rodata.hal_spi_init_ctrl.str1.4
                0x000000002406d020      0x122 platform/hal/built-in.a(hal_spi.o)
 *fill*         0x000000002406d142        0x2 
 .rodata.str1.4
                0x000000002406d144       0x13 platform/hal/built-in.a(hal_spi.o)
 *fill*         0x000000002406d157        0x1 
 .rodata.hal_ispi_activate_cs.str1.4
                0x000000002406d158       0x15 platform/hal/built-in.a(hal_spi.o)
 *fill*         0x000000002406d16d        0x3 
 .rodata.hal_ispi_send.str1.4
                0x000000002406d170       0x1c platform/hal/built-in.a(hal_spi.o)
 .rodata.hal_ispi_recv.str1.4
                0x000000002406d18c       0x1f platform/hal/built-in.a(hal_spi.o)
 *fill*         0x000000002406d1ab        0x1 
 .rodata.dual_timer
                0x000000002406d1ac        0xc platform/hal/built-in.a(hal_timer.o)
 .rodata.irq_entry
                0x000000002406d1b8       0x18 platform/hal/built-in.a(hal_timer.o)
 .rodata.irq_num
                0x000000002406d1d0        0x6 platform/hal/built-in.a(hal_timer.o)
 *fill*         0x000000002406d1d6        0x2 
 .rodata.hal_trace_output_internal.str1.4
                0x000000002406d1d8       0x1d platform/hal/built-in.a(hal_trace.o)
 *fill*         0x000000002406d1f5        0x3 
 .rodata.hal_trace_print_special_stack_registers.str1.4
                0x000000002406d1f8       0x36 platform/hal/built-in.a(hal_trace.o)
 *fill*         0x000000002406d22e        0x2 
 .rodata.hal_trace_print_common_registers.str1.4
                0x000000002406d230       0x4e platform/hal/built-in.a(hal_trace.o)
 *fill*         0x000000002406d27e        0x2 
 .rodata.hal_trace_print_stack.str1.4
                0x000000002406d280        0xe platform/hal/built-in.a(hal_trace.o)
                                         0x16 (size before relaxing)
 *fill*         0x000000002406d28e        0x2 
 .rodata.hal_trace_print_backtrace.str1.4
                0x000000002406d290        0x5 platform/hal/built-in.a(hal_trace.o)
 *fill*         0x000000002406d295        0x3 
 .rodata.hal_trace_assert_dump_internal.str1.4
                0x000000002406d298       0x1a platform/hal/built-in.a(hal_trace.o)
 *fill*         0x000000002406d2b2        0x2 
 .rodata.hal_trace_open.str1.4
                0x000000002406d2b4       0x39 platform/hal/built-in.a(hal_trace.o)
 *fill*         0x000000002406d2ed        0x3 
 .rodata.bt_title.1
                0x000000002406d2f0       0x15 platform/hal/built-in.a(hal_trace.o)
 *fill*         0x000000002406d305        0x3 
 .rodata.discards_prefix
                0x000000002406d308        0x7 platform/hal/built-in.a(hal_trace.o)
 *fill*         0x000000002406d30f        0x1 
 .rodata.newline
                0x000000002406d310        0x2 platform/hal/built-in.a(hal_trace.o)
 *fill*         0x000000002406d312        0x2 
 .rodata.stack_title.2
                0x000000002406d314        0x8 platform/hal/built-in.a(hal_trace.o)
 .rodata.uart_cfg
                0x000000002406d31c       0x10 platform/hal/built-in.a(hal_trace.o)
 .rodata.uart_periph
                0x000000002406d32c        0x3 platform/hal/built-in.a(hal_trace.o)
 *fill*         0x000000002406d32f        0x1 
 .rodata.set_baud_rate.str1.4
                0x000000002406d330       0x17 platform/hal/built-in.a(hal_uart.o)
 *fill*         0x000000002406d347        0x1 
 .rodata.start_recv_dma_with_mask.str1.4
                0x000000002406d348       0x93 platform/hal/built-in.a(hal_uart.o)
 *fill*         0x000000002406d3db        0x1 
 .rodata.hal_uart_reopen.str1.4
                0x000000002406d3dc       0x1f platform/hal/built-in.a(hal_uart.o)
 *fill*         0x000000002406d3fb        0x1 
 .rodata.hal_uart_open.str1.4
                0x000000002406d3fc       0x54 platform/hal/built-in.a(hal_uart.o)
 .rodata.hal_uart_putc.str1.4
                0x000000002406d450       0x1d platform/hal/built-in.a(hal_uart.o)
 *fill*         0x000000002406d46d        0x3 
 .rodata.CSWTCH.66
                0x000000002406d470       0x14 platform/hal/built-in.a(hal_uart.o)
 .rodata.__FUNCTION__.1
                0x000000002406d484       0x19 platform/hal/built-in.a(hal_uart.o)
 *fill*         0x000000002406d49d        0x3 
 .rodata.__FUNCTION__.2
                0x000000002406d4a0       0x16 platform/hal/built-in.a(hal_uart.o)
 *fill*         0x000000002406d4b6        0x2 
 .rodata.default_cfg
                0x000000002406d4b8       0x10 platform/hal/built-in.a(hal_uart.o)
 .rodata.uart   0x000000002406d4c8       0x30 platform/hal/built-in.a(hal_uart.o)
 .rodata._set_global_out_nak.str1.4
                0x000000002406d4f8       0x22 platform/hal/built-in.a(hal_usb.o)
 *fill*         0x000000002406d51a        0x2 
 .rodata.hal_usb_disable_ep.str1.4
                0x000000002406d51c        0xc platform/hal/built-in.a(hal_usb.o)
 .rodata.hal_usb_send_epn.str1.4
                0x000000002406d528        0xc platform/hal/built-in.a(hal_usb.o)
 .rodata.__FUNCTION__.0
                0x000000002406d534       0x11 platform/hal/built-in.a(hal_usb.o)
 *fill*         0x000000002406d545        0x3 
 .rodata.__FUNCTION__.12
                0x000000002406d548       0x13 platform/hal/built-in.a(hal_usb.o)
 *fill*         0x000000002406d55b        0x1 
 .rodata.__FUNCTION__.9
                0x000000002406d55c       0x10 platform/hal/built-in.a(hal_usb.o)
 .rodata.bes_lzma_dec_init.str1.4
                0x000000002406d56c       0x2c utils/lzma/built-in.a(bes_lzma_api.o)
 .rodata.bes_lzma_dec_buf.str1.4
                0x000000002406d598       0x7f utils/lzma/built-in.a(bes_lzma_api.o)
 *fill*         0x000000002406d617        0x1 
 .rodata.g_Alloc
                0x000000002406d618        0x8 utils/lzma/built-in.a(bes_lzma_api.o)
 .rodata.ota_copy_compressed_image.str1.4
                0x000000002406d620      0x110 utils/lzma/built-in.a(bes_lzma_utils.o)
 .rodata.get_prev_free_block.str1.4
                0x000000002406d730       0x46 utils/heap/built-in.a(multi_heap.o)
 *fill*         0x000000002406d776        0x2 
 .rodata.split_if_necessary.str1.4
                0x000000002406d778       0x43 utils/heap/built-in.a(multi_heap.o)
 *fill*         0x000000002406d7bb        0x1 
 .rodata.merge_adjacent.str1.4
                0x000000002406d7bc        0x6 utils/heap/built-in.a(multi_heap.o)
 *fill*         0x000000002406d7c2        0x2 
 .rodata.multi_heap_register_impl.str1.4
                0x000000002406d7c4       0x1e utils/heap/built-in.a(multi_heap.o)
 *fill*         0x000000002406d7e2        0x2 
 .rodata.__func__.0
                0x000000002406d7e4       0x19 utils/heap/built-in.a(multi_heap.o)
 *fill*         0x000000002406d7fd        0x3 
 .rodata.syspool_original_size.part.0.str1.4
                0x000000002406d800       0x3e utils/heap/built-in.a(pool_api.o)
 *fill*         0x000000002406d83e        0x2 
 .rodata.syspool_init_specific_size.str1.4
                0x000000002406d840       0x17 utils/heap/built-in.a(pool_api.o)
 *fill*         0x000000002406d857        0x1 
 .rodata.__func__.5
                0x000000002406d858       0x16 utils/heap/built-in.a(pool_api.o)
 *fill*         0x000000002406d86e        0x2 
 .rodata.copy_new_image.str1.4
                0x000000002406d870       0x82 tests/programmer_ext/ota_copy/built-in.a(ota_copy.o)
 *fill*         0x000000002406d8f2        0x2 
 .rodata.ota_copy_init.str1.4
                0x000000002406d8f4       0x2b tests/programmer_ext/ota_copy/built-in.a(ota_copy.o)
 *(.boot_rodata_sram*)
                0x000000002406d920                . = ALIGN (0x4)
 *fill*         0x000000002406d91f        0x1 
                0x000000002406d920                __cust_cmd_init_tbl_start = .
 *(.cust_cmd_init_tbl)
 .cust_cmd_init_tbl
                0x000000002406d920        0x4 tests/programmer_ext/ota_copy/built-in.a(ota_copy.o)
                0x000000002406d924                __cust_cmd_init_tbl_end = .
                0x000000002406d924                . = ALIGN (0x4)
                0x000000002406d924                __cust_cmd_hldr_tbl_start = .
 *(.cust_cmd_hldr_tbl)
                0x000000002406d924                __cust_cmd_hldr_tbl_end = .
 *(.note.gnu.build-id)
 .note.gnu.build-id
                0x000000002406d924       0x24 linker stubs
                0x000000002406d948                . = ALIGN (0x4)